#
# There is insufficient memory for the Java Runtime Environment to continue.
# Native memory allocation (malloc) failed to allocate 551640 bytes. Error detail: Chunk::new
# Possible reasons:
#   The system is out of physical RAM or swap space
#   This process is running with CompressedOops enabled, and the Java Heap may be blocking the growth of the native heap
# Possible solutions:
#   Reduce memory load on the system
#   Increase physical memory or swap space
#   Check if swap backing store is full
#   Decrease Java heap size (-Xmx/-Xms)
#   Decrease number of Java threads
#   Decrease Java thread stack sizes (-Xss)
#   Set larger code cache with -XX:ReservedCodeCacheSize=
#   JVM is running with Unscaled Compressed Oops mode in which the Java heap is
#     placed in the first 4GB address space. The Java Heap base address is the
#     maximum limit for the native heap growth. Please use -XX:HeapBaseMinAddress
#     to set the Java Heap base and to place the Java Heap above 4GB virtual address.
# This output file may be truncated or incomplete.
#
#  Out of Memory Error (arena.cpp:186), pid=27124, tid=32304
#
# JRE version: Java(TM) SE Runtime Environment (25.0.1+8) (build 25.0.1+8-LTS-27)
# Java VM: Java HotSpot(TM) 64-Bit Server VM (25.0.1+8-LTS-27, mixed mode, sharing, tiered, compressed oops, compressed class ptrs, g1 gc, windows-amd64)
# No core dump will be written. Minidumps are not enabled by default on client versions of Windows
#

---------------  S U M M A R Y ------------

Command Line: --enable-native-access=ALL-UNNAMED -Xmx256m -Xms128m -Dclassworlds.conf=C:\Program Files\Apache\Maven\bin\m2.conf -Dmaven.home=C:\Program Files\Apache\Maven -Dlibrary.jansi.path=C:\Program Files\Apache\Maven\lib\jansi-native -Dmaven.multiModuleProjectDirectory=C:\Users\abbuz\Desktop\Try\Working\Backend\notification-service org.codehaus.plexus.classworlds.launcher.Launcher spring-boot:run

Host: 11th Gen Intel(R) Core(TM) i5-11400H @ 2.70GHz, 12 cores, 15G,  Windows 11 , 64 bit Build 26100 (10.0.26100.8328)
Time: Wed May 13 14:08:24 2026 India Standard Time elapsed time: 4.758939 seconds (0d 0h 0m 4s)

---------------  T H R E A D  ---------------

Current thread (0x0000019462e4ba80):  JavaThread "C2 CompilerThread0" daemon [_thread_in_native, id=32304, stack(0x00000027b3a00000,0x00000027b3b00000) (1024K)]


Current CompileTask:
C2:4759 4536   !   4       org.apache.maven.model.ConfigurationContainer::clone (98 bytes)

Stack: [0x00000027b3a00000,0x00000027b3b00000]
Native frames: (J=compiled Java code, j=interpreted, Vv=VM code, C=native code)
V  [jvm.dll+0x7a6b59]  (no source info available)
V  [jvm.dll+0x77290d]  (no source info available)
V  [jvm.dll+0x966153]  (no source info available)
V  [jvm.dll+0x968751]  (no source info available)
V  [jvm.dll+0x968e53]  (no source info available)
V  [jvm.dll+0x2fc756]  (no source info available)
V  [jvm.dll+0x111b26]  (no source info available)
V  [jvm.dll+0x111e4e]  (no source info available)
V  [jvm.dll+0x1a0a22]  (no source info available)
V  [jvm.dll+0x3b53c2]  (no source info available)
V  [jvm.dll+0x7ac4ef]  (no source info available)
V  [jvm.dll+0x2c0ac7]  (no source info available)
V  [jvm.dll+0x2bfa8f]  (no source info available)
V  [jvm.dll+0x237b60]  (no source info available)
V  [jvm.dll+0x2cfb56]  (no source info available)
V  [jvm.dll+0x2cddd5]  (no source info available)
V  [jvm.dll+0x48e6d1]  (no source info available)
V  [jvm.dll+0x906a0d]  (no source info available)
V  [jvm.dll+0x7a5135]  (no source info available)
C  [ucrtbase.dll+0x37b0]  (no source info available)
C  [KERNEL32.DLL+0x2e957]  (no source info available)
C  [ntdll.dll+0x427c]  (no source info available)

Lock stack of current Java thread (top to bottom):


---------------  P R O C E S S  ---------------

Threads class SMR info:
_java_thread_list=0x00000194687b40e0, length=12, elements={
0x0000019445bb5cc0, 0x000001944815e140, 0x0000019462e3ffe0, 0x0000019462e474e0,
0x0000019462e4c610, 0x0000019462e4d330, 0x0000019462e4f6b0, 0x0000019462e4ba80,
0x0000019462e7a330, 0x0000019462e4e710, 0x0000019462e4eee0, 0x000001946809fe20
}

Java Threads: ( => current thread )
  0x0000019445bb5cc0 JavaThread "main"                              [_thread_in_Java, id=10992, stack(0x00000027b2c00000,0x00000027b2d00000) (1024K)]
  0x000001944815e140 JavaThread "Reference Handler"          daemon [_thread_blocked, id=32332, stack(0x00000027b3400000,0x00000027b3500000) (1024K)]
  0x0000019462e3ffe0 JavaThread "Finalizer"                  daemon [_thread_blocked, id=32328, stack(0x00000027b3500000,0x00000027b3600000) (1024K)]
  0x0000019462e474e0 JavaThread "Signal Dispatcher"          daemon [_thread_blocked, id=32324, stack(0x00000027b3600000,0x00000027b3700000) (1024K)]
  0x0000019462e4c610 JavaThread "Attach Listener"            daemon [_thread_blocked, id=4060, stack(0x00000027b3700000,0x00000027b3800000) (1024K)]
  0x0000019462e4d330 JavaThread "Service Thread"             daemon [_thread_blocked, id=32476, stack(0x00000027b3800000,0x00000027b3900000) (1024K)]
  0x0000019462e4f6b0 JavaThread "Monitor Deflation Thread"   daemon [_thread_blocked, id=32480, stack(0x00000027b3900000,0x00000027b3a00000) (1024K)]
=>0x0000019462e4ba80 JavaThread "C2 CompilerThread0"         daemon [_thread_in_native, id=32304, stack(0x00000027b3a00000,0x00000027b3b00000) (1024K)]
  0x0000019462e7a330 JavaThread "C1 CompilerThread0"         daemon [_thread_in_native, id=32352, stack(0x00000027b3b00000,0x00000027b3c00000) (1024K)]
  0x0000019462e4e710 JavaThread "Notification Thread"        daemon [_thread_blocked, id=32372, stack(0x00000027b3c00000,0x00000027b3d00000) (1024K)]
  0x0000019462e4eee0 JavaThread "Common-Cleaner"             daemon [_thread_blocked, id=32380, stack(0x00000027b3d00000,0x00000027b3e00000) (1024K)]
  0x000001946809fe20 JavaThread "Thread-1"                   daemon [_thread_blocked, id=32528, stack(0x00000027b4200000,0x00000027b4300000) (1024K)]
Total: 12

Other Threads:
  0x000001944814e600 VMThread "VM Thread"                           [id=23256, stack(0x00000027b3300000,0x00000027b3400000) (1024K)]
  0x0000019462e3cc10 WatcherThread "VM Periodic Task Thread"        [id=27260, stack(0x00000027b3200000,0x00000027b3300000) (1024K)]
  0x00000194480c7110 WorkerThread "GC Thread#0"                     [id=6876, stack(0x00000027b2d00000,0x00000027b2e00000) (1024K)]
  0x0000019467de1860 WorkerThread "GC Thread#1"                     [id=31468, stack(0x00000027b3e00000,0x00000027b3f00000) (1024K)]
  0x0000019467de1c90 WorkerThread "GC Thread#2"                     [id=31420, stack(0x00000027b3f00000,0x00000027b4000000) (1024K)]
  0x0000019467de28e0 WorkerThread "GC Thread#3"                     [id=31024, stack(0x00000027b4000000,0x00000027b4100000) (1024K)]
  0x0000019467f25670 WorkerThread "GC Thread#4"                     [id=16872, stack(0x00000027b4100000,0x00000027b4200000) (1024K)]
  0x0000019468497c80 WorkerThread "GC Thread#5"                     [id=15400, stack(0x00000027b4400000,0x00000027b4500000) (1024K)]
  0x00000194684962a0 WorkerThread "GC Thread#6"                     [id=13536, stack(0x00000027b4500000,0x00000027b4600000) (1024K)]
  0x0000019468498520 WorkerThread "GC Thread#7"                     [id=26964, stack(0x00000027b4600000,0x00000027b4700000) (1024K)]
  0x0000019468496b40 WorkerThread "GC Thread#8"                     [id=14528, stack(0x00000027b4700000,0x00000027b4800000) (1024K)]
  0x0000019468498dc0 WorkerThread "GC Thread#9"                     [id=26116, stack(0x00000027b4800000,0x00000027b4900000) (1024K)]
  0x00000194480cb9f0 ConcurrentGCThread "G1 Main Marker"            [id=13980, stack(0x00000027b2e00000,0x00000027b2f00000) (1024K)]
  0x00000194480d0220 WorkerThread "G1 Conc#0"                       [id=23380, stack(0x00000027b2f00000,0x00000027b3000000) (1024K)]
  0x0000019448134660 ConcurrentGCThread "G1 Refine#0"               [id=27088, stack(0x00000027b3000000,0x00000027b3100000) (1024K)]
  0x0000019448135070 ConcurrentGCThread "G1 Service"                [id=13764, stack(0x00000027b3100000,0x00000027b3200000) (1024K)]
Total: 16

Threads with active compile tasks:
C2 CompilerThread0  4826 4536   !   4       org.apache.maven.model.ConfigurationContainer::clone (98 bytes)
C1 CompilerThread0  4826 4632       3       java.util.stream.Collectors$$Lambda/0x0000000028012620::get (8 bytes)
Total: 2

VM state: not at safepoint (normal execution)

VM Mutex/Monitor currently owned by a thread: None

Heap address: 0x00000000f0000000, size: 256 MB, Compressed Oops mode: 32-bit

CDS archive(s) mapped at: [0x0000000027000000-0x0000000027dd0000-0x0000000027dd0000), size 14483456, SharedBaseAddress: 0x0000000027000000, ArchiveRelocationMode: 1.
Compressed class space mapped at: 0x0000000028000000-0x0000000068000000, reserved size: 1073741824
UseCompressedClassPointers 1, UseCompactObjectHeaders 0
Narrow klass pointer bits 32, Max shift 3
Narrow klass base: 0x0000000027000000, Narrow klass shift: 0
Encoding Range: [0x0000000027000000 - 0x0000000127000000), (4294967296 bytes)
Klass Range:    [0x0000000027010000 - 0x0000000068000000), (1090453504 bytes)
Klass ID Range:  [65536 - 1090519033) (1090453497)
Protection zone: [0x0000000027000000 - 0x0000000027010000), (65536 bytes)

GC Precious Log:
 CardTable entry size: 512
 Card Set container configuration: InlinePtr #cards 5 size 8 Array Of Cards #cards 10 size 36 Howl #buckets 4 coarsen threshold 1843 Howl Bitmap #cards 512 size 80 coarsen threshold 460 Card regions per heap region 1 cards per card region 2048
 CPUs: 12 total, 12 available
 Memory: 16122M
 Large Page Support: Disabled
 NUMA Support: Disabled
 Compressed Oops: Enabled (32-bit)
 Heap Region Size: 1M
 Heap Min Capacity: 128M
 Heap Initial Capacity: 128M
 Heap Max Capacity: 256M
 Pre-touch: Disabled
 Parallel Workers: 10
 Concurrent Workers: 3
 Concurrent Refinement Workers: 10
 Periodic GC: Disabled

Heap:
 garbage-first heap   total reserved 262144K, committed 133120K, used 29160K [0x00000000f0000000, 0x0000000100000000)
  region size 1024K, 24 young (24576K), 7 survivors (7168K)

Heap Regions: E=young(eden), S=young(survivor), O=old, HS=humongous(starts), HC=humongous(continues), CS=collection set, F=free, TAMS=top-at-mark-start, PB=parsable bottom
|   0|0x00000000f0000000, 0x00000000f0100000, 0x00000000f0100000|100%| O|  |TAMS 0x00000000f0000000| PB 0x00000000f0000000| Untracked |  0
|   1|0x00000000f0100000, 0x00000000f0200000, 0x00000000f0200000|100%| O|  |TAMS 0x00000000f0100000| PB 0x00000000f0100000| Untracked |  0
|   2|0x00000000f0200000, 0x00000000f0300000, 0x00000000f0300000|100%| O|  |TAMS 0x00000000f0200000| PB 0x00000000f0200000| Untracked |  0
|   3|0x00000000f0300000, 0x00000000f0400000, 0x00000000f0400000|100%| O|  |TAMS 0x00000000f0300000| PB 0x00000000f0300000| Untracked |  0
|   4|0x00000000f0400000, 0x00000000f0454a10, 0x00000000f0500000| 33%| O|  |TAMS 0x00000000f0400000| PB 0x00000000f0400000| Untracked |  0
|   5|0x00000000f0500000, 0x00000000f0500000, 0x00000000f0600000|  0%| F|  |TAMS 0x00000000f0500000| PB 0x00000000f0500000| Untracked |  0
|   6|0x00000000f0600000, 0x00000000f0600000, 0x00000000f0700000|  0%| F|  |TAMS 0x00000000f0600000| PB 0x00000000f0600000| Untracked |  0
|   7|0x00000000f0700000, 0x00000000f0700000, 0x00000000f0800000|  0%| F|  |TAMS 0x00000000f0700000| PB 0x00000000f0700000| Untracked |  0
|   8|0x00000000f0800000, 0x00000000f0800000, 0x00000000f0900000|  0%| F|  |TAMS 0x00000000f0800000| PB 0x00000000f0800000| Untracked |  0
|   9|0x00000000f0900000, 0x00000000f0900000, 0x00000000f0a00000|  0%| F|  |TAMS 0x00000000f0900000| PB 0x00000000f0900000| Untracked |  0
|  10|0x00000000f0a00000, 0x00000000f0a00000, 0x00000000f0b00000|  0%| F|  |TAMS 0x00000000f0a00000| PB 0x00000000f0a00000| Untracked |  0
|  11|0x00000000f0b00000, 0x00000000f0b00000, 0x00000000f0c00000|  0%| F|  |TAMS 0x00000000f0b00000| PB 0x00000000f0b00000| Untracked |  0
|  12|0x00000000f0c00000, 0x00000000f0c00000, 0x00000000f0d00000|  0%| F|  |TAMS 0x00000000f0c00000| PB 0x00000000f0c00000| Untracked |  0
|  13|0x00000000f0d00000, 0x00000000f0d00000, 0x00000000f0e00000|  0%| F|  |TAMS 0x00000000f0d00000| PB 0x00000000f0d00000| Untracked |  0
|  14|0x00000000f0e00000, 0x00000000f0e00000, 0x00000000f0f00000|  0%| F|  |TAMS 0x00000000f0e00000| PB 0x00000000f0e00000| Untracked |  0
|  15|0x00000000f0f00000, 0x00000000f0f00000, 0x00000000f1000000|  0%| F|  |TAMS 0x00000000f0f00000| PB 0x00000000f0f00000| Untracked |  0
|  16|0x00000000f1000000, 0x00000000f1000000, 0x00000000f1100000|  0%| F|  |TAMS 0x00000000f1000000| PB 0x00000000f1000000| Untracked |  0
|  17|0x00000000f1100000, 0x00000000f1100000, 0x00000000f1200000|  0%| F|  |TAMS 0x00000000f1100000| PB 0x00000000f1100000| Untracked |  0
|  18|0x00000000f1200000, 0x00000000f1200000, 0x00000000f1300000|  0%| F|  |TAMS 0x00000000f1200000| PB 0x00000000f1200000| Untracked |  0
|  19|0x00000000f1300000, 0x00000000f1300000, 0x00000000f1400000|  0%| F|  |TAMS 0x00000000f1300000| PB 0x00000000f1300000| Untracked |  0
|  20|0x00000000f1400000, 0x00000000f1400000, 0x00000000f1500000|  0%| F|  |TAMS 0x00000000f1400000| PB 0x00000000f1400000| Untracked |  0
|  21|0x00000000f1500000, 0x00000000f1500000, 0x00000000f1600000|  0%| F|  |TAMS 0x00000000f1500000| PB 0x00000000f1500000| Untracked |  0
|  22|0x00000000f1600000, 0x00000000f1600000, 0x00000000f1700000|  0%| F|  |TAMS 0x00000000f1600000| PB 0x00000000f1600000| Untracked |  0
|  23|0x00000000f1700000, 0x00000000f1700000, 0x00000000f1800000|  0%| F|  |TAMS 0x00000000f1700000| PB 0x00000000f1700000| Untracked |  0
|  24|0x00000000f1800000, 0x00000000f1800000, 0x00000000f1900000|  0%| F|  |TAMS 0x00000000f1800000| PB 0x00000000f1800000| Untracked |  0
|  25|0x00000000f1900000, 0x00000000f1900000, 0x00000000f1a00000|  0%| F|  |TAMS 0x00000000f1900000| PB 0x00000000f1900000| Untracked |  0
|  26|0x00000000f1a00000, 0x00000000f1a00000, 0x00000000f1b00000|  0%| F|  |TAMS 0x00000000f1a00000| PB 0x00000000f1a00000| Untracked |  0
|  27|0x00000000f1b00000, 0x00000000f1b00000, 0x00000000f1c00000|  0%| F|  |TAMS 0x00000000f1b00000| PB 0x00000000f1b00000| Untracked |  0
|  28|0x00000000f1c00000, 0x00000000f1c00000, 0x00000000f1d00000|  0%| F|  |TAMS 0x00000000f1c00000| PB 0x00000000f1c00000| Untracked |  0
|  29|0x00000000f1d00000, 0x00000000f1d00000, 0x00000000f1e00000|  0%| F|  |TAMS 0x00000000f1d00000| PB 0x00000000f1d00000| Untracked |  0
|  30|0x00000000f1e00000, 0x00000000f1e00000, 0x00000000f1f00000|  0%| F|  |TAMS 0x00000000f1e00000| PB 0x00000000f1e00000| Untracked |  0
|  31|0x00000000f1f00000, 0x00000000f1f00000, 0x00000000f2000000|  0%| F|  |TAMS 0x00000000f1f00000| PB 0x00000000f1f00000| Untracked |  0
|  32|0x00000000f2000000, 0x00000000f2000000, 0x00000000f2100000|  0%| F|  |TAMS 0x00000000f2000000| PB 0x00000000f2000000| Untracked |  0
|  33|0x00000000f2100000, 0x00000000f2100000, 0x00000000f2200000|  0%| F|  |TAMS 0x00000000f2100000| PB 0x00000000f2100000| Untracked |  0
|  34|0x00000000f2200000, 0x00000000f2200000, 0x00000000f2300000|  0%| F|  |TAMS 0x00000000f2200000| PB 0x00000000f2200000| Untracked |  0
|  35|0x00000000f2300000, 0x00000000f2300000, 0x00000000f2400000|  0%| F|  |TAMS 0x00000000f2300000| PB 0x00000000f2300000| Untracked |  0
|  36|0x00000000f2400000, 0x00000000f2400000, 0x00000000f2500000|  0%| F|  |TAMS 0x00000000f2400000| PB 0x00000000f2400000| Untracked |  0
|  37|0x00000000f2500000, 0x00000000f2500000, 0x00000000f2600000|  0%| F|  |TAMS 0x00000000f2500000| PB 0x00000000f2500000| Untracked |  0
|  38|0x00000000f2600000, 0x00000000f2600000, 0x00000000f2700000|  0%| F|  |TAMS 0x00000000f2600000| PB 0x00000000f2600000| Untracked |  0
|  39|0x00000000f2700000, 0x00000000f2700000, 0x00000000f2800000|  0%| F|  |TAMS 0x00000000f2700000| PB 0x00000000f2700000| Untracked |  0
|  40|0x00000000f2800000, 0x00000000f2800000, 0x00000000f2900000|  0%| F|  |TAMS 0x00000000f2800000| PB 0x00000000f2800000| Untracked |  0
|  41|0x00000000f2900000, 0x00000000f2900000, 0x00000000f2a00000|  0%| F|  |TAMS 0x00000000f2900000| PB 0x00000000f2900000| Untracked |  0
|  42|0x00000000f2a00000, 0x00000000f2a00000, 0x00000000f2b00000|  0%| F|  |TAMS 0x00000000f2a00000| PB 0x00000000f2a00000| Untracked |  0
|  43|0x00000000f2b00000, 0x00000000f2b00000, 0x00000000f2c00000|  0%| F|  |TAMS 0x00000000f2b00000| PB 0x00000000f2b00000| Untracked |  0
|  44|0x00000000f2c00000, 0x00000000f2c00000, 0x00000000f2d00000|  0%| F|  |TAMS 0x00000000f2c00000| PB 0x00000000f2c00000| Untracked |  0
|  45|0x00000000f2d00000, 0x00000000f2d00000, 0x00000000f2e00000|  0%| F|  |TAMS 0x00000000f2d00000| PB 0x00000000f2d00000| Untracked |  0
|  46|0x00000000f2e00000, 0x00000000f2e00000, 0x00000000f2f00000|  0%| F|  |TAMS 0x00000000f2e00000| PB 0x00000000f2e00000| Untracked |  0
|  47|0x00000000f2f00000, 0x00000000f2f00000, 0x00000000f3000000|  0%| F|  |TAMS 0x00000000f2f00000| PB 0x00000000f2f00000| Untracked |  0
|  48|0x00000000f3000000, 0x00000000f3000000, 0x00000000f3100000|  0%| F|  |TAMS 0x00000000f3000000| PB 0x00000000f3000000| Untracked |  0
|  49|0x00000000f3100000, 0x00000000f3100000, 0x00000000f3200000|  0%| F|  |TAMS 0x00000000f3100000| PB 0x00000000f3100000| Untracked |  0
|  50|0x00000000f3200000, 0x00000000f3200000, 0x00000000f3300000|  0%| F|  |TAMS 0x00000000f3200000| PB 0x00000000f3200000| Untracked |  0
|  51|0x00000000f3300000, 0x00000000f3300000, 0x00000000f3400000|  0%| F|  |TAMS 0x00000000f3300000| PB 0x00000000f3300000| Untracked |  0
|  52|0x00000000f3400000, 0x00000000f3400000, 0x00000000f3500000|  0%| F|  |TAMS 0x00000000f3400000| PB 0x00000000f3400000| Untracked |  0
|  53|0x00000000f3500000, 0x00000000f3500000, 0x00000000f3600000|  0%| F|  |TAMS 0x00000000f3500000| PB 0x00000000f3500000| Untracked |  0
|  54|0x00000000f3600000, 0x00000000f3600000, 0x00000000f3700000|  0%| F|  |TAMS 0x00000000f3600000| PB 0x00000000f3600000| Untracked |  0
|  55|0x00000000f3700000, 0x00000000f3700000, 0x00000000f3800000|  0%| F|  |TAMS 0x00000000f3700000| PB 0x00000000f3700000| Untracked |  0
|  56|0x00000000f3800000, 0x00000000f3800000, 0x00000000f3900000|  0%| F|  |TAMS 0x00000000f3800000| PB 0x00000000f3800000| Untracked |  0
|  57|0x00000000f3900000, 0x00000000f3900000, 0x00000000f3a00000|  0%| F|  |TAMS 0x00000000f3900000| PB 0x00000000f3900000| Untracked |  0
|  58|0x00000000f3a00000, 0x00000000f3a00000, 0x00000000f3b00000|  0%| F|  |TAMS 0x00000000f3a00000| PB 0x00000000f3a00000| Untracked |  0
|  59|0x00000000f3b00000, 0x00000000f3b00000, 0x00000000f3c00000|  0%| F|  |TAMS 0x00000000f3b00000| PB 0x00000000f3b00000| Untracked |  0
|  60|0x00000000f3c00000, 0x00000000f3c00000, 0x00000000f3d00000|  0%| F|  |TAMS 0x00000000f3c00000| PB 0x00000000f3c00000| Untracked |  0
|  61|0x00000000f3d00000, 0x00000000f3e00000, 0x00000000f3e00000|100%| S|CS|TAMS 0x00000000f3d00000| PB 0x00000000f3d00000| Complete |  0
|  62|0x00000000f3e00000, 0x00000000f3f00000, 0x00000000f3f00000|100%| S|CS|TAMS 0x00000000f3e00000| PB 0x00000000f3e00000| Complete |  0
|  63|0x00000000f3f00000, 0x00000000f4000000, 0x00000000f4000000|100%| S|CS|TAMS 0x00000000f3f00000| PB 0x00000000f3f00000| Complete |  0
|  64|0x00000000f4000000, 0x00000000f4100000, 0x00000000f4100000|100%| S|CS|TAMS 0x00000000f4000000| PB 0x00000000f4000000| Complete |  0
|  65|0x00000000f4100000, 0x00000000f4200000, 0x00000000f4200000|100%| S|CS|TAMS 0x00000000f4100000| PB 0x00000000f4100000| Complete |  0
|  66|0x00000000f4200000, 0x00000000f4300000, 0x00000000f4300000|100%| S|CS|TAMS 0x00000000f4200000| PB 0x00000000f4200000| Complete |  0
|  67|0x00000000f4300000, 0x00000000f4400000, 0x00000000f4400000|100%| S|CS|TAMS 0x00000000f4300000| PB 0x00000000f4300000| Complete |  0
|  68|0x00000000f4400000, 0x00000000f4400000, 0x00000000f4500000|  0%| F|  |TAMS 0x00000000f4400000| PB 0x00000000f4400000| Untracked |  0
|  69|0x00000000f4500000, 0x00000000f4500000, 0x00000000f4600000|  0%| F|  |TAMS 0x00000000f4500000| PB 0x00000000f4500000| Untracked |  0
|  70|0x00000000f4600000, 0x00000000f4600000, 0x00000000f4700000|  0%| F|  |TAMS 0x00000000f4600000| PB 0x00000000f4600000| Untracked |  0
|  71|0x00000000f4700000, 0x00000000f4700000, 0x00000000f4800000|  0%| F|  |TAMS 0x00000000f4700000| PB 0x00000000f4700000| Untracked |  0
|  72|0x00000000f4800000, 0x00000000f4800000, 0x00000000f4900000|  0%| F|  |TAMS 0x00000000f4800000| PB 0x00000000f4800000| Untracked |  0
|  73|0x00000000f4900000, 0x00000000f4900000, 0x00000000f4a00000|  0%| F|  |TAMS 0x00000000f4900000| PB 0x00000000f4900000| Untracked |  0
|  74|0x00000000f4a00000, 0x00000000f4a00000, 0x00000000f4b00000|  0%| F|  |TAMS 0x00000000f4a00000| PB 0x00000000f4a00000| Untracked |  0
|  75|0x00000000f4b00000, 0x00000000f4b00000, 0x00000000f4c00000|  0%| F|  |TAMS 0x00000000f4b00000| PB 0x00000000f4b00000| Untracked |  0
|  76|0x00000000f4c00000, 0x00000000f4c00000, 0x00000000f4d00000|  0%| F|  |TAMS 0x00000000f4c00000| PB 0x00000000f4c00000| Untracked |  0
|  77|0x00000000f4d00000, 0x00000000f4d00000, 0x00000000f4e00000|  0%| F|  |TAMS 0x00000000f4d00000| PB 0x00000000f4d00000| Untracked |  0
|  78|0x00000000f4e00000, 0x00000000f4e00000, 0x00000000f4f00000|  0%| F|  |TAMS 0x00000000f4e00000| PB 0x00000000f4e00000| Untracked |  0
|  79|0x00000000f4f00000, 0x00000000f4f00000, 0x00000000f5000000|  0%| F|  |TAMS 0x00000000f4f00000| PB 0x00000000f4f00000| Untracked |  0
|  80|0x00000000f5000000, 0x00000000f5000000, 0x00000000f5100000|  0%| F|  |TAMS 0x00000000f5000000| PB 0x00000000f5000000| Untracked |  0
|  81|0x00000000f5100000, 0x00000000f5100000, 0x00000000f5200000|  0%| F|  |TAMS 0x00000000f5100000| PB 0x00000000f5100000| Untracked |  0
|  82|0x00000000f5200000, 0x00000000f5200000, 0x00000000f5300000|  0%| F|  |TAMS 0x00000000f5200000| PB 0x00000000f5200000| Untracked |  0
|  83|0x00000000f5300000, 0x00000000f5300000, 0x00000000f5400000|  0%| F|  |TAMS 0x00000000f5300000| PB 0x00000000f5300000| Untracked |  0
|  84|0x00000000f5400000, 0x00000000f5400000, 0x00000000f5500000|  0%| F|  |TAMS 0x00000000f5400000| PB 0x00000000f5400000| Untracked |  0
|  85|0x00000000f5500000, 0x00000000f5500000, 0x00000000f5600000|  0%| F|  |TAMS 0x00000000f5500000| PB 0x00000000f5500000| Untracked |  0
|  86|0x00000000f5600000, 0x00000000f5600000, 0x00000000f5700000|  0%| F|  |TAMS 0x00000000f5600000| PB 0x00000000f5600000| Untracked |  0
|  87|0x00000000f5700000, 0x00000000f5700000, 0x00000000f5800000|  0%| F|  |TAMS 0x00000000f5700000| PB 0x00000000f5700000| Untracked |  0
|  88|0x00000000f5800000, 0x00000000f5800000, 0x00000000f5900000|  0%| F|  |TAMS 0x00000000f5800000| PB 0x00000000f5800000| Untracked |  0
|  89|0x00000000f5900000, 0x00000000f5900000, 0x00000000f5a00000|  0%| F|  |TAMS 0x00000000f5900000| PB 0x00000000f5900000| Untracked |  0
|  90|0x00000000f5a00000, 0x00000000f5a00000, 0x00000000f5b00000|  0%| F|  |TAMS 0x00000000f5a00000| PB 0x00000000f5a00000| Untracked |  0
|  91|0x00000000f5b00000, 0x00000000f5b00000, 0x00000000f5c00000|  0%| F|  |TAMS 0x00000000f5b00000| PB 0x00000000f5b00000| Untracked |  0
|  92|0x00000000f5c00000, 0x00000000f5c00000, 0x00000000f5d00000|  0%| F|  |TAMS 0x00000000f5c00000| PB 0x00000000f5c00000| Untracked |  0
|  93|0x00000000f5d00000, 0x00000000f5d00000, 0x00000000f5e00000|  0%| F|  |TAMS 0x00000000f5d00000| PB 0x00000000f5d00000| Untracked |  0
|  94|0x00000000f5e00000, 0x00000000f5e00000, 0x00000000f5f00000|  0%| F|  |TAMS 0x00000000f5e00000| PB 0x00000000f5e00000| Untracked |  0
|  95|0x00000000f5f00000, 0x00000000f5f00000, 0x00000000f6000000|  0%| F|  |TAMS 0x00000000f5f00000| PB 0x00000000f5f00000| Untracked |  0
|  96|0x00000000f6000000, 0x00000000f6000000, 0x00000000f6100000|  0%| F|  |TAMS 0x00000000f6000000| PB 0x00000000f6000000| Untracked |  0
|  97|0x00000000f6100000, 0x00000000f6100000, 0x00000000f6200000|  0%| F|  |TAMS 0x00000000f6100000| PB 0x00000000f6100000| Untracked |  0
|  98|0x00000000f6200000, 0x00000000f6200000, 0x00000000f6300000|  0%| F|  |TAMS 0x00000000f6200000| PB 0x00000000f6200000| Untracked |  0
|  99|0x00000000f6300000, 0x00000000f6300000, 0x00000000f6400000|  0%| F|  |TAMS 0x00000000f6300000| PB 0x00000000f6300000| Untracked |  0
| 100|0x00000000f6400000, 0x00000000f6400000, 0x00000000f6500000|  0%| F|  |TAMS 0x00000000f6400000| PB 0x00000000f6400000| Untracked |  0
| 101|0x00000000f6500000, 0x00000000f6500000, 0x00000000f6600000|  0%| F|  |TAMS 0x00000000f6500000| PB 0x00000000f6500000| Untracked |  0
| 102|0x00000000f6600000, 0x00000000f6600000, 0x00000000f6700000|  0%| F|  |TAMS 0x00000000f6600000| PB 0x00000000f6600000| Untracked |  0
| 103|0x00000000f6700000, 0x00000000f6700000, 0x00000000f6800000|  0%| F|  |TAMS 0x00000000f6700000| PB 0x00000000f6700000| Untracked |  0
| 104|0x00000000f6800000, 0x00000000f6800000, 0x00000000f6900000|  0%| F|  |TAMS 0x00000000f6800000| PB 0x00000000f6800000| Untracked |  0
| 105|0x00000000f6900000, 0x00000000f6900000, 0x00000000f6a00000|  0%| F|  |TAMS 0x00000000f6900000| PB 0x00000000f6900000| Untracked |  0
| 106|0x00000000f6a00000, 0x00000000f6a00000, 0x00000000f6b00000|  0%| F|  |TAMS 0x00000000f6a00000| PB 0x00000000f6a00000| Untracked |  0
| 107|0x00000000f6b00000, 0x00000000f6b00000, 0x00000000f6c00000|  0%| F|  |TAMS 0x00000000f6b00000| PB 0x00000000f6b00000| Untracked |  0
| 108|0x00000000f6c00000, 0x00000000f6c00000, 0x00000000f6d00000|  0%| F|  |TAMS 0x00000000f6c00000| PB 0x00000000f6c00000| Untracked |  0
| 109|0x00000000f6d00000, 0x00000000f6d00000, 0x00000000f6e00000|  0%| F|  |TAMS 0x00000000f6d00000| PB 0x00000000f6d00000| Untracked |  0
| 110|0x00000000f6e00000, 0x00000000f6e00000, 0x00000000f6f00000|  0%| F|  |TAMS 0x00000000f6e00000| PB 0x00000000f6e00000| Untracked |  0
| 111|0x00000000f6f00000, 0x00000000f7000000, 0x00000000f7000000|100%| E|  |TAMS 0x00000000f6f00000| PB 0x00000000f6f00000| Complete |  0
| 112|0x00000000f7000000, 0x00000000f7100000, 0x00000000f7100000|100%| E|CS|TAMS 0x00000000f7000000| PB 0x00000000f7000000| Complete |  0
| 113|0x00000000f7100000, 0x00000000f7200000, 0x00000000f7200000|100%| E|CS|TAMS 0x00000000f7100000| PB 0x00000000f7100000| Complete |  0
| 114|0x00000000f7200000, 0x00000000f7300000, 0x00000000f7300000|100%| E|CS|TAMS 0x00000000f7200000| PB 0x00000000f7200000| Complete |  0
| 115|0x00000000f7300000, 0x00000000f7400000, 0x00000000f7400000|100%| E|CS|TAMS 0x00000000f7300000| PB 0x00000000f7300000| Complete |  0
| 116|0x00000000f7400000, 0x00000000f7500000, 0x00000000f7500000|100%| E|CS|TAMS 0x00000000f7400000| PB 0x00000000f7400000| Complete |  0
| 117|0x00000000f7500000, 0x00000000f7600000, 0x00000000f7600000|100%| E|CS|TAMS 0x00000000f7500000| PB 0x00000000f7500000| Complete |  0
| 118|0x00000000f7600000, 0x00000000f7700000, 0x00000000f7700000|100%| E|CS|TAMS 0x00000000f7600000| PB 0x00000000f7600000| Complete |  0
| 119|0x00000000f7700000, 0x00000000f7800000, 0x00000000f7800000|100%| E|CS|TAMS 0x00000000f7700000| PB 0x00000000f7700000| Complete |  0
| 120|0x00000000f7800000, 0x00000000f7900000, 0x00000000f7900000|100%| E|CS|TAMS 0x00000000f7800000| PB 0x00000000f7800000| Complete |  0
| 121|0x00000000f7900000, 0x00000000f7a00000, 0x00000000f7a00000|100%| E|CS|TAMS 0x00000000f7900000| PB 0x00000000f7900000| Complete |  0
| 122|0x00000000f7a00000, 0x00000000f7b00000, 0x00000000f7b00000|100%| E|CS|TAMS 0x00000000f7a00000| PB 0x00000000f7a00000| Complete |  0
| 123|0x00000000f7b00000, 0x00000000f7c00000, 0x00000000f7c00000|100%| E|CS|TAMS 0x00000000f7b00000| PB 0x00000000f7b00000| Complete |  0
| 124|0x00000000f7c00000, 0x00000000f7d00000, 0x00000000f7d00000|100%| E|CS|TAMS 0x00000000f7c00000| PB 0x00000000f7c00000| Complete |  0
| 125|0x00000000f7d00000, 0x00000000f7e00000, 0x00000000f7e00000|100%| E|CS|TAMS 0x00000000f7d00000| PB 0x00000000f7d00000| Complete |  0
| 126|0x00000000f7e00000, 0x00000000f7f00000, 0x00000000f7f00000|100%| E|CS|TAMS 0x00000000f7e00000| PB 0x00000000f7e00000| Complete |  0
| 127|0x00000000f7f00000, 0x00000000f8000000, 0x00000000f8000000|100%| E|CS|TAMS 0x00000000f7f00000| PB 0x00000000f7f00000| Complete |  0
| 254|0x00000000ffe00000, 0x00000000fff00000, 0x00000000fff00000|100%| O|  |TAMS 0x00000000ffe00000| PB 0x00000000ffe00000| Untracked |  0
| 255|0x00000000fff00000, 0x00000000fff256a0, 0x0000000100000000| 14%| O|  |TAMS 0x00000000fff00000| PB 0x00000000fff00000| Untracked |  0

Card table byte_map: [0x0000019447f90000,0x0000019448010000] _byte_map_base: 0x0000019447810000

Marking Bits: (CMBitMap*) 0x00000194480c80b0
 Bits: [0x000001945fe80000, 0x0000019460280000)

Polling page: 0x0000019445e90000

Metaspace:
Metaspace        used 15749K, committed 16000K, reserved 1114112K
 class space     used 1491K, committed 1600K, reserved 1048576K

Usage:
  Non-class:     13.92 MB used.
      Class:      1.46 MB used.
       Both:     15.38 MB used.

Virtual space:
  Non-class space:       64.00 MB reserved,      14.06 MB ( 22%) committed,  1 nodes.
      Class space:        1.00 GB reserved,       1.56 MB ( <1%) committed,  1 nodes.
             Both:        1.06 GB reserved,      15.62 MB (  1%) committed. 

Chunk freelists:
   Non-Class:  1.61 MB
       Class:  14.47 MB
        Both:  16.08 MB

MaxMetaspaceSize: unlimited
CompressedClassSpaceSize: 1.00 GB
Initial GC threshold: 21.00 MB
Current GC threshold: 21.00 MB
CDS: on
 - commit_granule_bytes: 65536.
 - commit_granule_words: 8192.
 - virtual_space_node_default_size: 8388608.
 - enlarge_chunks_in_place: 1.
UseCompressedClassPointers 1, UseCompactObjectHeaders 0
Narrow klass pointer bits 32, Max shift 3
Narrow klass base: 0x0000000027000000, Narrow klass shift: 0
Encoding Range: [0x0000000027000000 - 0x0000000127000000), (4294967296 bytes)
Klass Range:    [0x0000000027010000 - 0x0000000068000000), (1090453504 bytes)
Klass ID Range:  [65536 - 1090519033) (1090453497)
Protection zone: [0x0000000027000000 - 0x0000000027010000), (65536 bytes)


Internal statistics:

num_allocs_failed_limit: 0.
num_arena_births: 128.
num_arena_deaths: 0.
num_vsnodes_births: 2.
num_vsnodes_deaths: 0.
num_space_committed: 250.
num_space_uncommitted: 0.
num_chunks_returned_to_freelist: 0.
num_chunks_taken_from_freelist: 669.
num_chunk_merges: 0.
num_chunk_splits: 465.
num_chunks_enlarged: 371.
num_inconsistent_stats: 0.

CodeHeap 'non-profiled nmethods': size=120064Kb used=1472Kb max_used=1472Kb free=118591Kb
 bounds [0x00000194583e0000, 0x0000019458650000, 0x000001945f920000]
CodeHeap 'profiled nmethods': size=120000Kb used=7272Kb max_used=7272Kb free=112727Kb
 bounds [0x0000019450920000, 0x0000019451040000, 0x0000019457e50000]
CodeHeap 'non-nmethods': size=5696Kb used=1518Kb max_used=1584Kb free=4177Kb
 bounds [0x0000019457e50000, 0x00000194580c0000, 0x00000194583e0000]
CodeCache: size=245760Kb, used=10262Kb, max_used=10328Kb, free=235495Kb
 total_blobs=5153, nmethods=4633, adapters=421, full_count=0
Compilation: enabled, stopped_count=0, restarted_count=0

Compilation events (20 events):
Event: 4.655 Thread 0x0000019462e7a330 nmethod 4527 0x0000019458546508 code [0x0000019458546600, 0x0000019458546710]
Event: 4.655 Thread 0x0000019462e7a330 4528       3       org.codehaus.plexus.util.xml.pull.MXParser::findFragment (86 bytes)
Event: 4.655 Thread 0x0000019462e7a330 nmethod 4528 0x0000019451012688 code [0x0000019451012780, 0x0000019451012ac0]
Event: 4.655 Thread 0x0000019462e7a330 4529   !   3       org.apache.maven.model.ActivationProperty::clone (73 bytes)
Event: 4.656 Thread 0x0000019462e7a330 nmethod 4529 0x0000019451012b08 code [0x0000019451012c00, 0x0000019451013c68]
Event: 4.661 Thread 0x0000019462e4ba80 nmethod 4516 0x0000019458546808 code [0x0000019458546900, 0x00000194585473e0]
Event: 4.665 Thread 0x0000019467da9740 nmethod 4515 0x0000019458547408 code [0x0000019458547500, 0x00000194585495f8]
Event: 4.739 Thread 0x0000019462e7a330 4530       3       org.apache.maven.model.io.xpp3.MavenXpp3Reader::nextTag (64 bytes)
Event: 4.739 Thread 0x0000019462e7a330 nmethod 4530 0x0000019451013c88 code [0x0000019451013d80, 0x0000019451014820]
Event: 4.739 Thread 0x0000019462e7a330 4531       3       java.lang.CharacterDataLatin1::isUpperCase (16 bytes)
Event: 4.739 Thread 0x0000019462e7a330 nmethod 4531 0x0000019451014888 code [0x0000019451014980, 0x0000019451014be8]
Event: 4.739 Thread 0x0000019462e7a330 4532       3       java.lang.CharacterDataLatin1::getPropertiesEx (11 bytes)
Event: 4.740 Thread 0x0000019462e7a330 nmethod 4532 0x0000019451014c08 code [0x0000019451014d00, 0x0000019451014e40]
Event: 4.744 Thread 0x0000019462e7a330 4533   !   3       sun.nio.cs.StreamDecoder::inReady (36 bytes)
Event: 4.745 Thread 0x0000019462e7a330 nmethod 4533 0x0000019451014f08 code [0x0000019451015000, 0x0000019451015390]
Event: 4.745 Thread 0x0000019462e7a330 4534       1       org.codehaus.plexus.util.xml.pull.MXParser::getInputEncoding (5 bytes)
Event: 4.745 Thread 0x0000019462e7a330 nmethod 4534 0x0000019458549608 code [0x0000019458549700, 0x00000194585497c8]
Event: 4.745 Thread 0x0000019462e7a330 4535       1       org.apache.maven.model.DistributionManagement::getSnapshotRepository (5 bytes)
Event: 4.746 Thread 0x0000019462e7a330 nmethod 4535 0x0000019458549908 code [0x0000019458549a00, 0x0000019458549ac8]
Event: 4.752 Thread 0x0000019462e4ba80 4536   !   4       org.apache.maven.model.ConfigurationContainer::clone (98 bytes)

GC Heap Usage History (4 events):
Event: 2.288 {heap Before GC invocations=0 (full 0):
 garbage-first heap   total reserved 262144K, committed 133120K, used 49301K [0x00000000f0000000, 0x0000000100000000)
  region size 1024K, 47 young (48128K), 0 survivors (0K)
}
Event: 2.316 {heap After GC invocations=1 (full 0):
 garbage-first heap   total reserved 262144K, committed 133120K, used 6122K [0x00000000f0000000, 0x0000000100000000)
  region size 1024K, 5 young (5120K), 5 survivors (5120K)
}
Event: 4.397 {heap Before GC invocations=1 (full 0):
 garbage-first heap   total reserved 262144K, committed 133120K, used 62442K [0x00000000f0000000, 0x0000000100000000)
  region size 1024K, 60 young (61440K), 5 survivors (5120K)
}
Event: 4.414 {heap After GC invocations=2 (full 0):
 garbage-first heap   total reserved 262144K, committed 133120K, used 12776K [0x00000000f0000000, 0x0000000100000000)
  region size 1024K, 7 young (7168K), 7 survivors (7168K)
}

Metaspace Usage History (4 events):
Event: 2.288 {metaspace Before GC invocations=0 (full 0):
 Metaspace       used 9551K, committed 9792K, reserved 1114112K
  class space    used 850K, committed 960K, reserved 1048576K
}
Event: 2.316 {metaspace After GC invocations=1 (full 0):
 Metaspace       used 9551K, committed 9792K, reserved 1114112K
  class space    used 850K, committed 960K, reserved 1048576K
}
Event: 4.397 {metaspace Before GC invocations=1 (full 0):
 Metaspace       used 15434K, committed 15616K, reserved 1114112K
  class space    used 1465K, committed 1536K, reserved 1048576K
}
Event: 4.414 {metaspace After GC invocations=2 (full 0):
 Metaspace       used 15434K, committed 15616K, reserved 1114112K
  class space    used 1465K, committed 1536K, reserved 1048576K
}

Dll operation events (7 events):
Event: 0.013 Loaded shared library C:\Program Files\Java\jdk-25\bin\java.dll
Event: 0.064 Loaded shared library C:\Program Files\Java\jdk-25\bin\net.dll
Event: 0.066 Loaded shared library C:\Program Files\Java\jdk-25\bin\nio.dll
Event: 0.071 Loaded shared library C:\Program Files\Java\jdk-25\bin\zip.dll
Event: 0.259 Loaded shared library C:\Program Files\Java\jdk-25\bin\jimage.dll
Event: 0.263 Loaded shared library C:\Program Files\Apache\Maven\lib\jansi-native\Windows\x86_64\jansi.dll
Event: 0.287 Loaded shared library C:\Program Files\Java\jdk-25\bin\verify.dll

Deoptimization events (20 events):
Event: 4.564 Thread 0x0000019445bb5cc0 Uncommon trap: trap_request=0xffffff45 fr.pc=0x0000019458500850 relative=0x00000000000006d0
Event: 4.564 Thread 0x0000019445bb5cc0 Uncommon trap: reason=unstable_if action=reinterpret pc=0x0000019458500850 method=org.codehaus.plexus.util.xml.pull.MXParser.isValidCodePoint(I)Z @ 15 c2
Event: 4.564 Thread 0x0000019445bb5cc0 DEOPT PACKING pc=0x0000019458500850 sp=0x00000027b2cfc930
Event: 4.564 Thread 0x0000019445bb5cc0 DEOPT UNPACKING pc=0x0000019457f7c882 sp=0x00000027b2cfc848 mode 2
Event: 4.564 Thread 0x0000019445bb5cc0 Uncommon trap: trap_request=0xffffff45 fr.pc=0x00000194584b276c relative=0x000000000000006c
Event: 4.564 Thread 0x0000019445bb5cc0 Uncommon trap: reason=unstable_if action=reinterpret pc=0x00000194584b276c method=org.codehaus.plexus.util.xml.pull.MXParser.isValidCodePoint(I)Z @ 15 c2
Event: 4.564 Thread 0x0000019445bb5cc0 DEOPT PACKING pc=0x00000194584b276c sp=0x00000027b2cfc8b0
Event: 4.564 Thread 0x0000019445bb5cc0 DEOPT UNPACKING pc=0x0000019457f7c882 sp=0x00000027b2cfc848 mode 2
Event: 4.565 Thread 0x0000019445bb5cc0 Uncommon trap: trap_request=0xffffff45 fr.pc=0x00000194584f5cb8 relative=0x00000000000004b8
Event: 4.565 Thread 0x0000019445bb5cc0 Uncommon trap: reason=unstable_if action=reinterpret pc=0x00000194584f5cb8 method=org.codehaus.plexus.util.xml.pull.MXParser.isValidCodePoint(I)Z @ 15 c2
Event: 4.565 Thread 0x0000019445bb5cc0 DEOPT PACKING pc=0x00000194584f5cb8 sp=0x00000027b2cfc860
Event: 4.565 Thread 0x0000019445bb5cc0 DEOPT UNPACKING pc=0x0000019457f7c882 sp=0x00000027b2cfc7a8 mode 2
Event: 4.573 Thread 0x0000019445bb5cc0 Uncommon trap: trap_request=0xffffff45 fr.pc=0x00000194584efd18 relative=0x0000000000001298
Event: 4.573 Thread 0x0000019445bb5cc0 Uncommon trap: reason=unstable_if action=reinterpret pc=0x00000194584efd18 method=org.codehaus.plexus.util.xml.pull.MXParser.nextImpl()I @ 978 c2
Event: 4.573 Thread 0x0000019445bb5cc0 DEOPT PACKING pc=0x00000194584efd18 sp=0x00000027b2cfc560
Event: 4.573 Thread 0x0000019445bb5cc0 DEOPT UNPACKING pc=0x0000019457f7c882 sp=0x00000027b2cfc4d8 mode 2
Event: 4.655 Thread 0x0000019445bb5cc0 Uncommon trap: trap_request=0xffffff45 fr.pc=0x0000019458543138 relative=0x00000000000000b8
Event: 4.655 Thread 0x0000019445bb5cc0 Uncommon trap: reason=unstable_if action=reinterpret pc=0x0000019458543138 method=org.apache.maven.model.io.xpp3.MavenXpp3Reader.nextTag(Lorg/codehaus/plexus/util/xml/pull/XmlPullParser;)I @ 9 c2
Event: 4.655 Thread 0x0000019445bb5cc0 DEOPT PACKING pc=0x0000019458543138 sp=0x00000027b2cfc620
Event: 4.655 Thread 0x0000019445bb5cc0 DEOPT UNPACKING pc=0x0000019457f7c882 sp=0x00000027b2cfc5b0 mode 2

Classes loaded (20 events):
Event: 3.610 Loading class java/lang/invoke/BoundMethodHandle$Species_LI
Event: 3.610 Loading class java/lang/invoke/BoundMethodHandle$Species_LI done
Event: 3.610 Loading class java/lang/invoke/ClassSpecializer$Factory$1
Event: 3.611 Loading class java/lang/invoke/ClassSpecializer$Factory$1 done
Event: 3.612 Loading class java/lang/invoke/ClassSpecializer$Factory$1$1
Event: 3.612 Loading class java/lang/invoke/ClassSpecializer$Factory$1$1 done
Event: 3.612 Loading class java/lang/invoke/ClassSpecializer$Factory$1$1Var
Event: 3.612 Loading class java/lang/invoke/ClassSpecializer$Factory$1$1Var done
Event: 3.612 Loading class java/lang/invoke/ClassSpecializer$Factory$1$2
Event: 3.612 Loading class java/lang/invoke/ClassSpecializer$Factory$1$2 done
Event: 3.612 Loading class java/lang/invoke/ClassSpecializer$Factory$1$3
Event: 3.612 Loading class java/lang/invoke/ClassSpecializer$Factory$1$3 done
Event: 3.612 Loading class java/lang/invoke/ClassSpecializer$Factory$1$4
Event: 3.612 Loading class java/lang/invoke/ClassSpecializer$Factory$1$4 done
Event: 3.612 Loading class java/lang/invoke/ClassSpecializer$Factory$1$5
Event: 3.612 Loading class java/lang/invoke/ClassSpecializer$Factory$1$5 done
Event: 3.613 Loading class java/lang/invoke/ClassSpecializer$Factory$1$5$1
Event: 3.613 Loading class java/lang/invoke/ClassSpecializer$Factory$1$5$1 done
Event: 3.665 Loading class java/util/stream/Streams$RangeIntSpliterator
Event: 3.716 Loading class java/util/stream/Streams$RangeIntSpliterator done

Classes unloaded (0 events):
No events

Classes redefined (0 events):
No events

Internal exceptions (20 events):
Event: 0.947 Thread 0x0000019445bb5cc0 Exception <a 'java/lang/NoClassDefFoundError'{0x00000000f6d065b8}: javax/enterprise/inject/Typed> (0x00000000f6d065b8) 
thrown [s\open\src\hotspot\share\classfile\systemDictionary.cpp, line 316]
Event: 2.498 Thread 0x0000019445bb5cc0 Exception <a 'java/lang/NoSuchMethodError'{0x00000000f7cf9a48}: 'void java.lang.invoke.DirectMethodHandle$Holder.invokeStaticInit(java.lang.Object, java.lang.Object, java.lang.Object)'> (0x00000000f7cf9a48) 
thrown [s\open\src\hotspot\share\interpreter\linkResolver.cpp, line 804]
Event: 2.527 Thread 0x0000019445bb5cc0 Implicit null exception at 0x000001945845721d to 0x00000194584573ac
Event: 2.531 Thread 0x0000019445bb5cc0 Exception <a 'java/lang/NoSuchMethodError'{0x00000000f7b7f1f0}: 'java.lang.Object java.lang.invoke.Invokers$Holder.invokeExact_MT(java.lang.Object, int, java.lang.Object)'> (0x00000000f7b7f1f0) 
thrown [s\open\src\hotspot\share\interpreter\linkResolver.cpp, line 804]
Event: 2.998 Thread 0x0000019445bb5cc0 Exception <a 'java/lang/NoSuchMethodError'{0x00000000f73822e0}: 'void java.lang.invoke.Invokers$Holder.invokeExact_MT(java.lang.Object, java.lang.Object, java.lang.Object, java.lang.Object)'> (0x00000000f73822e0) 
thrown [s\open\src\hotspot\share\interpreter\linkResolver.cpp, line 804]
Event: 3.035 Thread 0x0000019445bb5cc0 Exception <a 'java/lang/NoClassDefFoundError'{0x00000000f7200a38}: com/google/inject/servlet/ServletModuleTargetVisitor> (0x00000000f7200a38) 
thrown [s\open\src\hotspot\share\classfile\systemDictionary.cpp, line 316]
Event: 3.237 Thread 0x0000019445bb5cc0 Exception <a 'java/lang/NoSuchMethodError'{0x00000000f706fbe8}: 'java.lang.Object java.lang.invoke.DirectMethodHandle$Holder.invokeStaticInit(java.lang.Object, int, int, int, int)'> (0x00000000f706fbe8) 
thrown [s\open\src\hotspot\share\interpreter\linkResolver.cpp, line 804]
Event: 3.458 Thread 0x0000019445bb5cc0 Implicit null exception at 0x000001945841e836 to 0x000001945841f2f8
Event: 3.509 Thread 0x0000019445bb5cc0 Exception <a 'java/lang/NoSuchMethodError'{0x00000000f6b24218}: 'void java.lang.invoke.DirectMethodHandle$Holder.invokeSpecial(java.lang.Object, java.lang.Object, java.lang.Object, java.lang.Object, java.lang.Object)'> (0x00000000f6b24218) 
thrown [s\open\src\hotspot\share\interpreter\linkResolver.cpp, line 804]
Event: 3.511 Thread 0x0000019445bb5cc0 Exception <a 'java/lang/NoSuchMethodError'{0x00000000f6b5c2f0}: 'void java.lang.invoke.DirectMethodHandle$Holder.invokeSpecial(java.lang.Object, java.lang.Object, java.lang.Object, java.lang.Object, java.lang.Object, java.lang.Object)'> (0x00000000f6b5c2f0) 
thrown [s\open\src\hotspot\share\interpreter\linkResolver.cpp, line 804]
Event: 3.551 Thread 0x0000019445bb5cc0 Exception <a 'java/lang/NoSuchMethodError'{0x00000000f6a54c00}: 'java.lang.Object java.lang.invoke.DirectMethodHandle$Holder.invokeVirtual(java.lang.Object, java.lang.Object, java.lang.Object)'> (0x00000000f6a54c00) 
thrown [s\open\src\hotspot\share\interpreter\linkResolver.cpp, line 804]
Event: 3.609 Thread 0x0000019445bb5cc0 Exception <a 'java/lang/NoSuchMethodError'{0x00000000f6870a08}: 'void java.lang.invoke.DirectMethodHandle$Holder.invokeVirtual(java.lang.Object, java.lang.Object, int)'> (0x00000000f6870a08) 
thrown [s\open\src\hotspot\share\interpreter\linkResolver.cpp, line 804]
Event: 3.614 Thread 0x0000019445bb5cc0 Exception <a 'java/lang/NoSuchMethodError'{0x00000000f6889a78}: 'java.lang.Object java.lang.invoke.DirectMethodHandle$Holder.invokeStatic(java.lang.Object, java.lang.Object, java.lang.Object, java.lang.Object, int)'> (0x00000000f6889a78) 
thrown [s\open\src\hotspot\share\interpreter\linkResolver.cpp, line 804]
Event: 3.616 Thread 0x0000019445bb5cc0 Exception <a 'java/lang/NoSuchMethodError'{0x00000000f689b1a8}: 'void java.lang.invoke.DirectMethodHandle$Holder.invokeSpecial(java.lang.Object, java.lang.Object, java.lang.Object, int)'> (0x00000000f689b1a8) 
thrown [s\open\src\hotspot\share\interpreter\linkResolver.cpp, line 804]
Event: 3.616 Thread 0x0000019445bb5cc0 Exception <a 'java/lang/NoSuchMethodError'{0x00000000f68a3540}: 'void java.lang.invoke.DelegatingMethodHandle$Holder.reinvoke_L(java.lang.Object, java.lang.Object, int)'> (0x00000000f68a3540) 
thrown [s\open\src\hotspot\share\interpreter\linkResolver.cpp, line 804]
Event: 4.459 Thread 0x0000019445bb5cc0 Implicit null exception at 0x00000194584cbb7a to 0x00000194584cc744
Event: 4.459 Thread 0x0000019445bb5cc0 Implicit null exception at 0x00000194584cf7ca to 0x00000194584cf9d0
Event: 4.459 Thread 0x0000019445bb5cc0 Implicit null exception at 0x00000194584de7b9 to 0x00000194584ded38
Event: 4.461 Thread 0x0000019445bb5cc0 Exception <a 'java/lang/NoSuchMethodError'{0x00000000f7c84ed0}: 'void java.lang.invoke.DirectMethodHandle$Holder.invokeStatic(java.lang.Object, java.lang.Object, java.lang.Object, java.lang.Object)'> (0x00000000f7c84ed0) 
thrown [s\open\src\hotspot\share\interpreter\linkResolver.cpp, line 804]
Event: 4.478 Thread 0x0000019445bb5cc0 Exception <a 'java/lang/NoSuchMethodError'{0x00000000f7b13898}: 'int java.lang.invoke.DirectMethodHandle$Holder.invokeSpecialIFC(java.lang.Object, java.lang.Object, java.lang.Object, java.lang.Object)'> (0x00000000f7b13898) 
thrown [s\open\src\hotspot\share\interpreter\linkResolver.cpp, line 804]

VM Operations (20 events):
Event: 2.591 Executing non-safepoint VM operation: HandshakeAllThreads (Deoptimize)
Event: 2.591 Executing non-safepoint VM operation: HandshakeAllThreads (Deoptimize) done
Event: 2.733 Executing non-safepoint VM operation: HandshakeAllThreads (Deoptimize)
Event: 2.733 Executing non-safepoint VM operation: HandshakeAllThreads (Deoptimize) done
Event: 2.991 Executing non-safepoint VM operation: HandshakeAllThreads (Deoptimize)
Event: 2.991 Executing non-safepoint VM operation: HandshakeAllThreads (Deoptimize) done
Event: 3.128 Executing non-safepoint VM operation: HandshakeAllThreads (Deoptimize)
Event: 3.128 Executing non-safepoint VM operation: HandshakeAllThreads (Deoptimize) done
Event: 3.204 Executing non-safepoint VM operation: HandshakeAllThreads (Deoptimize)
Event: 3.204 Executing non-safepoint VM operation: HandshakeAllThreads (Deoptimize) done
Event: 3.263 Executing non-safepoint VM operation: HandshakeAllThreads (Deoptimize)
Event: 3.263 Executing non-safepoint VM operation: HandshakeAllThreads (Deoptimize) done
Event: 3.320 Executing non-safepoint VM operation: HandshakeAllThreads (Deoptimize)
Event: 3.325 Executing non-safepoint VM operation: HandshakeAllThreads (Deoptimize) done
Event: 3.395 Executing non-safepoint VM operation: HandshakeAllThreads (Deoptimize)
Event: 3.395 Executing non-safepoint VM operation: HandshakeAllThreads (Deoptimize) done
Event: 3.398 Executing non-safepoint VM operation: HandshakeAllThreads (Deoptimize)
Event: 3.398 Executing non-safepoint VM operation: HandshakeAllThreads (Deoptimize) done
Event: 4.397 Executing safepoint VM operation: G1CollectForAllocation (G1 Evacuation Pause)
Event: 4.414 Executing safepoint VM operation: G1CollectForAllocation (G1 Evacuation Pause) done

Memory protections (0 events):
No events

Nmethod flushes (0 events):
No events

Events (19 events):
Event: 0.031 Thread 0x0000019445bb5cc0 Thread added: 0x0000019445bb5cc0
Event: 0.045 Thread 0x0000019445bb5cc0 Thread added: 0x000001944815e140
Event: 0.045 Thread 0x0000019445bb5cc0 Thread added: 0x0000019462e3ffe0
Event: 0.045 Thread 0x0000019445bb5cc0 Thread added: 0x0000019462e474e0
Event: 0.045 Thread 0x0000019445bb5cc0 Thread added: 0x0000019462e4c610
Event: 0.045 Thread 0x0000019445bb5cc0 Thread added: 0x0000019462e4d330
Event: 0.046 Thread 0x0000019445bb5cc0 Thread added: 0x0000019462e4f6b0
Event: 0.046 Thread 0x0000019445bb5cc0 Thread added: 0x0000019462e4ba80
Event: 0.046 Thread 0x0000019445bb5cc0 Thread added: 0x0000019462e7a330
Event: 0.058 Thread 0x0000019445bb5cc0 Thread added: 0x0000019462e4e710
Event: 0.061 Thread 0x0000019445bb5cc0 Thread added: 0x0000019462e4eee0
Event: 0.253 Thread 0x0000019445bb5cc0 Thread added: 0x0000019462e54ca0
Event: 0.283 Thread 0x0000019462e54ca0 Thread exited: 0x0000019462e54ca0
Event: 0.976 Thread 0x0000019462e7a330 Thread added: 0x0000019467da66e0
Event: 0.994 Thread 0x0000019462e4ba80 Thread added: 0x0000019467da8720
Event: 1.747 Thread 0x0000019467da8720 Thread exited: 0x0000019467da8720
Event: 2.148 Thread 0x0000019467da66e0 Thread exited: 0x0000019467da66e0
Event: 3.303 Thread 0x0000019445bb5cc0 Thread added: 0x000001946809fe20
Event: 3.728 Thread 0x0000019462e7a330 Thread added: 0x0000019467da9740


Dynamic libraries:
0x00007ff6b0830000 - 0x00007ff6b0840000 	C:\Program Files\Java\jdk-25\bin\java.exe
0x00007ff8a5c80000 - 0x00007ff8a5ee7000 	C:\WINDOWS\SYSTEM32\ntdll.dll
0x00007ff8a55a0000 - 0x00007ff8a5669000 	C:\WINDOWS\System32\KERNEL32.DLL
0x00007ff8a26b0000 - 0x00007ff8a2aa7000 	C:\WINDOWS\System32\KERNELBASE.dll
0x00007ff8a3680000 - 0x00007ff8a37cb000 	C:\WINDOWS\System32\ucrtbase.dll
0x00007ff8712d0000 - 0x00007ff8712ee000 	C:\Program Files\Java\jdk-25\bin\VCRUNTIME140.dll
0x00007ff863410000 - 0x00007ff863427000 	C:\Program Files\Java\jdk-25\bin\jli.dll
0x00007ff8a4400000 - 0x00007ff8a45c6000 	C:\WINDOWS\System32\USER32.dll
0x00007ff8a3920000 - 0x00007ff8a3947000 	C:\WINDOWS\System32\win32u.dll
0x00007ff8a3c00000 - 0x00007ff8a3c2b000 	C:\WINDOWS\System32\GDI32.dll
0x00007ff8893c0000 - 0x00007ff889652000 	C:\WINDOWS\WinSxS\amd64_microsoft.windows.common-controls_6595b64144ccf1df_6.0.26100.8457_none_3e0b2faee331e92d\COMCTL32.dll
0x00007ff8a34a0000 - 0x00007ff8a35cc000 	C:\WINDOWS\System32\gdi32full.dll
0x00007ff8a4350000 - 0x00007ff8a43f9000 	C:\WINDOWS\System32\msvcrt.dll
0x00007ff8a3950000 - 0x00007ff8a39f3000 	C:\WINDOWS\System32\msvcp_win.dll
0x00007ff8a5530000 - 0x00007ff8a5562000 	C:\WINDOWS\System32\IMM32.DLL
0x00007ff8913d0000 - 0x00007ff8913dc000 	C:\Program Files\Java\jdk-25\bin\vcruntime140_1.dll
0x00007ff862d60000 - 0x00007ff862ded000 	C:\Program Files\Java\jdk-25\bin\msvcp140.dll
0x00007ff818a10000 - 0x00007ff81986f000 	C:\Program Files\Java\jdk-25\bin\server\jvm.dll
0x00007ff8a4f20000 - 0x00007ff8a4fd6000 	C:\WINDOWS\System32\ADVAPI32.dll
0x00007ff8a46f0000 - 0x00007ff8a4797000 	C:\WINDOWS\System32\sechost.dll
0x00007ff8a4230000 - 0x00007ff8a4348000 	C:\WINDOWS\System32\RPCRT4.dll
0x00007ff8a45d0000 - 0x00007ff8a4650000 	C:\WINDOWS\System32\WS2_32.dll
0x00007ff8956f0000 - 0x00007ff895726000 	C:\WINDOWS\SYSTEM32\WINMM.dll
0x00007ff8a12b0000 - 0x00007ff8a130e000 	C:\WINDOWS\SYSTEM32\POWRPROF.dll
0x00007ff8997c0000 - 0x00007ff8997cb000 	C:\WINDOWS\SYSTEM32\VERSION.dll
0x00007ff8a1290000 - 0x00007ff8a12a4000 	C:\WINDOWS\SYSTEM32\UMPDC.dll
0x00007ff8a1560000 - 0x00007ff8a157b000 	C:\WINDOWS\SYSTEM32\kernel.appcore.dll
0x00007ff88ac90000 - 0x00007ff88ac9a000 	C:\Program Files\Java\jdk-25\bin\jimage.dll
0x00007ff8a07a0000 - 0x00007ff8a09e2000 	C:\WINDOWS\SYSTEM32\DBGHELP.DLL
0x00007ff8a3c30000 - 0x00007ff8a3fb3000 	C:\WINDOWS\System32\combase.dll
0x00007ff8a3b20000 - 0x00007ff8a3bf9000 	C:\WINDOWS\System32\OLEAUT32.dll
0x00007ff87f6f0000 - 0x00007ff87f72b000 	C:\WINDOWS\SYSTEM32\dbgcore.DLL
0x00007ff8a35d0000 - 0x00007ff8a3678000 	C:\WINDOWS\System32\bcryptPrimitives.dll
0x00007ff86d8e0000 - 0x00007ff86d8ff000 	C:\Program Files\Java\jdk-25\bin\java.dll
0x00007ff8a3fc0000 - 0x00007ff8a4157000 	C:\WINDOWS\System32\ole32.dll
0x00007ff8a47a0000 - 0x00007ff8a4f0e000 	C:\WINDOWS\System32\SHELL32.dll
0x00007ff8a2ab0000 - 0x00007ff8a331c000 	C:\WINDOWS\System32\windows.storage.dll
0x00007ff8a5b40000 - 0x00007ff8a5c36000 	C:\WINDOWS\System32\SHCORE.dll
0x00007ff8a5950000 - 0x00007ff8a59b6000 	C:\WINDOWS\System32\shlwapi.dll
0x00007ff8a25d0000 - 0x00007ff8a25f9000 	C:\WINDOWS\SYSTEM32\profapi.dll
0x00007ff86d1f0000 - 0x00007ff86d202000 	C:\Program Files\Java\jdk-25\bin\net.dll
0x00007ff8a1ad0000 - 0x00007ff8a1b3c000 	C:\WINDOWS\system32\mswsock.dll
0x00007ff86ba30000 - 0x00007ff86ba46000 	C:\Program Files\Java\jdk-25\bin\nio.dll
0x00007ff86a6d0000 - 0x00007ff86a6e7000 	C:\Program Files\Java\jdk-25\bin\zip.dll
0x00007ff83b790000 - 0x00007ff83b7b4000 	C:\Program Files\Apache\Maven\lib\jansi-native\Windows\x86_64\jansi.dll
0x00007ff883650000 - 0x00007ff883660000 	C:\Program Files\Java\jdk-25\bin\verify.dll

JVMTI agents: none

dbghelp: loaded successfully - version: 4.0.5 - missing functions: none
symbol engine: initialized successfully - sym options: 0x614 - pdb path: .;C:\Program Files\Java\jdk-25\bin;C:\WINDOWS\SYSTEM32;C:\WINDOWS\WinSxS\amd64_microsoft.windows.common-controls_6595b64144ccf1df_6.0.26100.8457_none_3e0b2faee331e92d;C:\Program Files\Java\jdk-25\bin\server;C:\Program Files\Apache\Maven\lib\jansi-native\Windows\x86_64

VM Arguments:
jvm_args: --enable-native-access=ALL-UNNAMED -Xmx256m -Xms128m -Dclassworlds.conf=C:\Program Files\Apache\Maven\bin\m2.conf -Dmaven.home=C:\Program Files\Apache\Maven -Dlibrary.jansi.path=C:\Program Files\Apache\Maven\lib\jansi-native -Dmaven.multiModuleProjectDirectory=C:\Users\abbuz\Desktop\Try\Working\Backend\notification-service 
java_command: org.codehaus.plexus.classworlds.launcher.Launcher spring-boot:run
java_class_path (initial): C:\Program Files\Apache\Maven\boot\plexus-classworlds-2.9.0.jar
Launcher Type: SUN_STANDARD

[Global flags]
     intx CICompilerCount                          = 4                                         {product} {ergonomic}
     uint ConcGCThreads                            = 3                                         {product} {ergonomic}
     uint G1ConcRefinementThreads                  = 10                                        {product} {ergonomic}
   size_t G1HeapRegionSize                         = 1048576                                   {product} {ergonomic}
   size_t InitialHeapSize                          = 134217728                                 {product} {command line}
   size_t MarkStackSize                            = 4194304                                   {product} {ergonomic}
   size_t MarkStackSizeMax                         = 536870912                                 {product} {ergonomic}
   size_t MaxHeapSize                              = 268435456                                 {product} {command line}
   size_t MaxNewSize                               = 160432128                                 {product} {ergonomic}
   size_t MinHeapDeltaBytes                        = 1048576                                   {product} {ergonomic}
   size_t MinHeapSize                              = 134217728                                 {product} {command line}
    uintx NonNMethodCodeHeapSize                   = 5832704                                {pd product} {ergonomic}
    uintx NonProfiledCodeHeapSize                  = 122945536                              {pd product} {ergonomic}
    uintx ProfiledCodeHeapSize                     = 122880000                              {pd product} {ergonomic}
    uintx ReservedCodeCacheSize                    = 251658240                              {pd product} {ergonomic}
     bool SegmentedCodeCache                       = true                                      {product} {ergonomic}
   size_t SoftMaxHeapSize                          = 268435456                              {manageable} {ergonomic}
     bool UseCompressedOops                        = true                           {product lp64_product} {ergonomic}
     bool UseG1GC                                  = true                                      {product} {ergonomic}
     bool UseLargePagesIndividualAllocation        = false                                  {pd product} {ergonomic}

Logging:
Log output configuration:
 #0: stdout all=warning uptime,level,tags foldmultilines=false
 #1: stderr all=off uptime,level,tags foldmultilines=false

Release file:
IMPLEMENTOR="Oracle Corporation" 
JAVA_RUNTIME_VERSION="25.0.1+8-LTS-27" 
JAVA_VERSION="25.0.1" 
JAVA_VERSION_DATE="2025-10-21" 
LIBC="default" 
MODULES="java.base java.compiler java.datatransfer java.xml java.prefs java.desktop java.instrument java.logging java.management java.security.sasl java.naming java.rmi java.management.rmi java.net.http java.scripting java.security.jgss java.transaction.xa java.sql java.sql.rowset java.xml.crypto java.se java.smartcardio jdk.accessibility jdk.internal.jvmstat jdk.attach jdk.charsets jdk.internal.opt jdk.zipfs jdk.compiler jdk.crypto.cryptoki jdk.crypto.ec jdk.crypto.mscapi jdk.dynalink jdk.internal.ed jdk.editpad jdk.internal.vm.ci jdk.graal.compiler jdk.graal.compiler.management jdk.hotspot.agent jdk.httpserver jdk.incubator.vector jdk.internal.le jdk.internal.md jdk.jartool jdk.javadoc jdk.jcmd jdk.management jdk.management.agent jdk.jconsole jdk.jdeps jdk.jdwp.agent jdk.jdi jdk.jfr jdk.jlink jdk.jpackage jdk.jshell jdk.jsobject jdk.jstatd jdk.localedata jdk.management.jfr jdk.naming.dns jdk.naming.rmi jdk.net jdk.nio.mapmode jdk.sctp jdk.security.auth jdk.security.jgss jdk.unsupported jdk.unsupported.desktop jdk.xml.dom" 
OS_ARCH="x86_64" 
OS_NAME="Windows" 
SOURCE=".:git:862c85bc42b7 open:git:78770bfaefd2" 

Environment Variables:
PATH=C:\Python314\Scripts\;C:\Python314\;C:\Program Files\Common Files\Oracle\Java\javapath;C:\Windows\system32;C:\Windows;C:\Windows\System32\Wbem;C:\Windows\System32\WindowsPowerShell\v1.0\;C:\Windows\System32\OpenSSH\;C:\Program Files (x86)\NVIDIA Corporation\PhysX\Common;C:\Program Files\NVIDIA Corporation\NVIDIA NvDLISR;C:\WINDOWS\system32;C:\WINDOWS;C:\WINDOWS\System32\Wbem;C:\WINDOWS\System32\WindowsPowerShell\v1.0\;C:\WINDOWS\System32\OpenSSH\;C:\Program Files\Git\cmd;C:\Users\abbuz\.local\bin;C:\Program Files\nodejs\;C:\ProgramData\chocolatey\bin;C:\Program Files\MySQL\MySQL Server 8.0\bin;C:\Program Files\Apache\Maven\bin;C:\Program Files\Amazon\AWSCLIV2\;C:\Program Files\Docker\Docker\resources\bin;C:\Program Files\MySQL\MySQL Shell 8.0\bin\;C:\Users\abbuz\AppData\Local\Microsoft\WindowsApps;C:\Users\abbuz\AppData\Local\Programs\Microsoft VS Code\bin;C:\Users\abbuz\AppData\Local\Python\bin;C:\Users\abbuz\AppData\Roaming\npm;C:\Users\abbuz\AppData\Local\Programs\Antigravity\bin;c:\Users\abbuz\.antigravity\extensions\vscjava.vscode-java-debug-0.59.0-universal\bundled\scripts\noConfigScripts
USERNAME=abbuz
LANG=en_US.UTF-8
OS=Windows_NT
PROCESSOR_IDENTIFIER=Intel64 Family 6 Model 141 Stepping 1, GenuineIntel
TMP=C:\Users\abbuz\AppData\Local\Temp
TEMP=C:\Users\abbuz\AppData\Local\Temp




Compilation memory statistics disabled.

Periodic native trim disabled

---------------  S Y S T E M  ---------------

OS:
 Windows 11 , 64 bit Build 26100 (10.0.26100.8328)
OS uptime: 0 days 6:16 hours
Hyper-V role detected

CPU: total 12 (initial active 12) (6 cores per cpu, 2 threads per core) family 6 model 141 stepping 1 microcode 0x34, cx8, cmov, fxsr, ht, mmx, 3dnowpref, sse, sse2, sse3, ssse3, sse4.1, sse4.2, popcnt, lzcnt, tsc, tscinvbit, avx, avx2, aes, erms, clmul, bmi1, bmi2, adx, avx512f, avx512dq, avx512cd, avx512bw, avx512vl, sha, fma, vzeroupper, avx512_vpopcntdq, avx512_vpclmulqdq, avx512_vaes, avx512_vnni, clflush, clflushopt, clwb, avx512_vbmi2, avx512_vbmi, hv, rdtscp, rdpid, fsrm, gfni, avx512_bitalg, f16c, cet_ibt, cet_ss, avx512_ifma
Processor Information for the first 12 processors :
  Max Mhz: 2688, Current Mhz: 2688, Mhz Limit: 2688

Memory: 4k page, system-wide physical 16122M (699M free)
TotalPageFile size 33478M (AvailPageFile size 1M)
current process WorkingSet (physical memory assigned to process): 157M, peak: 160M
current process commit charge ("private bytes"): 258M, peak: 265M

vm_info: Java HotSpot(TM) 64-Bit Server VM (25.0.1+8-LTS-27) for windows-amd64 JRE (25.0.1+8-LTS-27), built on 2025-09-25T16:41:16Z with unknown MS VC++:1943

END.
