#
# A fatal error has been detected by the Java Runtime Environment:
#
#  EXCEPTION_ACCESS_VIOLATION (0xc0000005) at pc=0x00007ffa10af1b86, pid=2824, tid=24872
#
# JRE version:  (25.0.1+8) (build )
# Java VM: Java HotSpot(TM) 64-Bit Server VM (25.0.1+8-LTS-27, mixed mode, sharing, tiered, compressed class ptrs, unknown gc, windows-amd64)
# Problematic frame:
# C  [jimage.dll+0x1b86]
#
# No core dump will be written. Minidumps are not enabled by default on client versions of Windows
#
#

---------------  S U M M A R Y ------------

Command Line: 

Host: 11th Gen Intel(R) Core(TM) i5-11400H @ 2.70GHz, 12 cores, 15G,  Windows 11 , 64 bit Build 26100 (10.0.26100.8246)
Time: Mon May  4 01:19:41 2026 India Standard Time elapsed time: 0.012647 seconds (0d 0h 0m 0s)

---------------  T H R E A D  ---------------

Current thread is native thread

Stack: [0x000000f6f5700000,0x000000f6f5800000],  sp=0x000000f6f57fd5b0,  free space=1013k
Native frames: (J=compiled Java code, j=interpreted, Vv=VM code, C=native code)
C  [jimage.dll+0x1b86]  (no source info available)
C  [jimage.dll+0x1d0f]  (no source info available)
C  [jimage.dll+0x2619]  (no source info available)
V  [jvm.dll+0x293702]  (no source info available)
V  [jvm.dll+0x1158bc]  (no source info available)
V  [jvm.dll+0x90ffe8]  (no source info available)
V  [jvm.dll+0x4f9061]  (no source info available)
V  [jvm.dll+0x4fa8f1]  (no source info available)
C  [jli.dll+0x543e]  (no source info available)
C  [ucrtbase.dll+0x37b0]  (no source info available)
C  [KERNEL32.DLL+0x2e8d7]  (no source info available)
C  [ntdll.dll+0x8c3fc]  (no source info available)


siginfo: EXCEPTION_ACCESS_VIOLATION (0xc0000005), reading address 0x000000000001d39c


Registers:
RAX=0x00007ffa10af4298, RBX=0x000000f6f57fd6a1, RCX=0x00007ffa10af6000, RDX=0x00000000000074e0
RSP=0x000000f6f57fd5b0, RBP=0x000000f6f57fd6a0, RSI=0x000000000000754e, RDI=0x000000f6f57fd6a0
R8 =0x000000000000001c, R9 =0x00007ffa10af6000, R10=0x00007ff9e8b50000, R11=0x8101010101010100
R12=0x0000000000000000, R13=0x0000000000000000, R14=0x000000f6f57fe710, R15=0x00007ff9276b0fa8
RIP=0x00007ffa10af1b86, EFLAGS=0x0000000000010247

XMM[0]=0x0000000000000000 0x0000000000000000
XMM[1]=0x2f6d762f6c616e72 0x65746e692f6b646a
XMM[2]=0x736e6f6974706f2f 0x6d762f6c616e7265
XMM[3]=0x0000000000000000 0x0000000000000000
XMM[4]=0x0000000000000000 0x0000000000000000
XMM[5]=0x0000000000000000 0x0000000000000000
XMM[6]=0x0000000000000000 0x0000000000000000
XMM[7]=0x0000000000000000 0x0000000000000000
XMM[8]=0x0000000000000000 0x0000000000000000
XMM[9]=0x0000000000000000 0x0000000000000000
XMM[10]=0x0000000000000000 0x0000000000000000
XMM[11]=0x0000000000000000 0x0000000000000000
XMM[12]=0x0000000000000000 0x0000000000000000
XMM[13]=0x0000000000000000 0x0000000000000000
XMM[14]=0x0000000000000000 0x0000000000000000
XMM[15]=0x0000000000000000 0x0000000000000000
  MXCSR=0x00001f80


Top of Stack: (sp=0x000000f6f57fd5b0)
0x000000f6f57fd5b0:   0000000000000000 0000000000000000   ................
0x000000f6f57fd5c0:   0000000000000000 0000000000000000   ................
0x000000f6f57fd5d0:   0000023804a315a0 00007ffa10af1d0f   ....8...........
0x000000f6f57fd5e0:   000000000000000b 0000023804a315a0   ............8...
0x000000f6f57fd5f0:   0000000000000000 0000000000000000   ................
0x000000f6f57fd600:   0000000000000000 0000000000000000   ................
0x000000f6f57fd610:   0000000000000000 0000000000000000   ................
0x000000f6f57fd620:   0000002900000000 0000000000000000   ....)...........
0x000000f6f57fd630:   0000000000000000 0000000000000000   ................
0x000000f6f57fd640:   0000fef29764273b 0000000000000000   ;'d.............
0x000000f6f57fd650:   00007ff92768d980 0000000000000017   ..h'............
0x000000f6f57fd660:   0000023804a315a0 000000f6f57fe710   ....8...........
0x000000f6f57fd670:   000000000000000b 00007ffa10af2619   .........&......
0x000000f6f57fd680:   0000000000000000 0000000000000000   ................
0x000000f6f57fd690:   0000023804a41c60 0000000000000000   `...8...........
0x000000f6f57fd6a0:   61622e6176616a2f 692f6b646a2f6573   /java.base/jdk/i
0x000000f6f57fd6b0:   2f6c616e7265746e 6f6974706f2f6d76   nternal/vm/optio
0x000000f6f57fd6c0:   000000000000736e 0000000000000000   ns..............
0x000000f6f57fd6d0:   0000000000000000 0000000000000000   ................
0x000000f6f57fd6e0:   0000023804a41660 0000000000000000   `...8...........
0x000000f6f57fd6f0:   0000000000000000 0000000000000000   ................
0x000000f6f57fd700:   0000000000000000 0000000000000000   ................
0x000000f6f57fd710:   0000000000000000 0000000000000000   ................
0x000000f6f57fd720:   0000000000000000 0000000000000000   ................
0x000000f6f57fd730:   0000000000000000 0000000000000000   ................
0x000000f6f57fd740:   0000000000000000 0000000000000000   ................
0x000000f6f57fd750:   0000000000000000 0000000000000000   ................
0x000000f6f57fd760:   0000000000000000 0000000000000000   ................
0x000000f6f57fd770:   0000000000000000 0000000000000000   ................
0x000000f6f57fd780:   0000023806e4e040 0000000000000017   @...8...........
0x000000f6f57fd790:   0000000000008210 00000000000081fe   ................
0x000000f6f57fd7a0:   0000000000008210 00007ffa22a31534   ........4.."....

Instructions: (pc=0x00007ffa10af1b86)
  0x00007ffa10af1a86:   80 3d 83 45 00 00 00 74 06 48 8b 53 18 eb 04 48
  0x00007ffa10af1a96:   8b 53 40 e8 de 0e 00 00 48 c7 43 48 00 00 00 00
  0x00007ffa10af1aa6:   8b 4b 0c 83 f9 ff 74 0c e8 11 0d 00 00 c7 43 0c
  0x00007ffa10af1ab6:   ff ff ff ff 48 8b 4b 70 48 85 c9 74 12 ba 10 00
  0x00007ffa10af1ac6:   00 00 e8 2f 0f 00 00 48 c7 43 70 00 00 00 00 48
  0x00007ffa10af1ad6:   83 c4 20 5b c3 cc 40 53 48 83 ec 20 48 8b d9 48
  0x00007ffa10af1ae6:   8d 0d 94 47 00 00 e8 db 0c 00 00 83 6b 08 01 75
  0x00007ffa10af1af6:   24 48 8b d3 48 8d 0d 17 45 00 00 e8 42 08 00 00
  0x00007ffa10af1b06:   48 8b cb e8 ca fe ff ff ba 78 00 00 00 48 8b cb
  0x00007ffa10af1b16:   e8 e1 0e 00 00 48 8d 0d 5e 47 00 00 48 83 c4 20
  0x00007ffa10af1b26:   5b e9 a8 0c 00 00 48 89 5c 24 08 48 89 74 24 10
  0x00007ffa10af1b36:   57 48 83 ec 20 41 8b f1 4c 8b c9 48 8b fa 4d 85
  0x00007ffa10af1b46:   c0 74 72 85 f6 74 6e 44 8a 12 48 8d 5a 01 48 8b
  0x00007ffa10af1b56:   d3 b8 93 01 00 01 eb 12 69 c0 93 01 00 01 41 0f
  0x00007ffa10af1b66:   b6 ca 44 8a 12 33 c1 48 ff c2 45 84 d2 75 e9 33
  0x00007ffa10af1b76:   d2 0f ba f0 1f f7 f6 49 8b 01 49 8b c9 48 63 d2
=>0x00007ffa10af1b86:   41 8b 14 90 ff 50 08 85 c0 7e 24 8a 0f eb 10 69
  0x00007ffa10af1b96:   c0 93 01 00 01 0f b6 c9 33 c1 8a 0b 48 ff c3 84
  0x00007ffa10af1ba6:   c9 75 ec 0f ba f0 1f 33 d2 f7 f6 8b c2 eb 09 79
  0x00007ffa10af1bb6:   04 f7 d0 eb 03 83 c8 ff 48 8b 5c 24 30 48 8b 74
  0x00007ffa10af1bc6:   24 38 48 83 c4 20 5f c3 cc cc 48 89 5c 24 08 48
  0x00007ffa10af1bd6:   89 74 24 10 57 48 83 ec 20 48 8b f1 48 8d 0d 97
  0x00007ffa10af1be6:   46 00 00 e8 de 0b 00 00 33 ff 39 3d 22 44 00 00
  0x00007ffa10af1bf6:   76 24 48 8b 05 21 44 00 00 48 8b d6 48 8b 1c f8
  0x00007ffa10af1c06:   48 8b 0b e8 9c 1f 00 00 85 c0 74 2b ff c7 3b 3d
  0x00007ffa10af1c16:   fe 43 00 00 72 dc 33 db 48 8d 0d 5b 46 00 00 e8
  0x00007ffa10af1c26:   aa 0b 00 00 48 8b 74 24 38 48 8b c3 48 8b 5c 24
  0x00007ffa10af1c36:   30 48 83 c4 20 5f c3 ff 43 08 eb dc cc cc 48 89
  0x00007ffa10af1c46:   5c 24 08 48 89 74 24 10 57 48 83 ec 20 48 8b d9
  0x00007ffa10af1c56:   48 8b f2 48 8b 49 10 49 8b f8 8b 53 30 48 8b 01
  0x00007ffa10af1c66:   ff 50 20 4c 8b 43 50 48 8b d6 48 8b 4b 10 44 8b
  0x00007ffa10af1c76:   c8 e8 b0 fe ff ff 83 f8 ff 74 39 48 8b 4b 10 48



---------------  P R O C E S S  ---------------

VM state: not at safepoint (not fully initialized)

VM Mutex/Monitor currently owned by a thread: None

CDS archive(s) mapped at: [0x0000000000000000-0x0000000000000000-0x0000000000000000), size 0, SharedBaseAddress: 0x0000000800000000, ArchiveRelocationMode: 1.
UseCompressedClassPointers 1, UseCompactObjectHeaders 0
Narrow klass pointer bits -1, Max shift -1
Narrow klass base: 0xffffffffffffffff, Narrow klass shift: -1
Encoding Range: [0xffffffffffffffff - 0x3fffffffffffffff), (4611686018427387904 bytes)
Klass Range:    [0x0000000000000000 - 0x0000000000000000), (0 bytes)
Klass ID Range:  [4294967295 - 0) (1)
No protection zone.

GC Precious Log:
<Not initialized>


Dynamic libraries:
0x00007ff625160000 - 0x00007ff625170000 	C:\Program Files\Java\jdk-25\bin\java.exe
0x00007ffa229e0000 - 0x00007ffa22c47000 	C:\WINDOWS\SYSTEM32\ntdll.dll
0x00007ffa22030000 - 0x00007ffa220f9000 	C:\WINDOWS\System32\KERNEL32.DLL
0x00007ffa1f2b0000 - 0x00007ffa1f6a4000 	C:\WINDOWS\System32\KERNELBASE.dll
0x00007ffa200c0000 - 0x00007ffa2020b000 	C:\WINDOWS\System32\ucrtbase.dll
0x00007ffa13cc0000 - 0x00007ffa13cd7000 	C:\Program Files\Java\jdk-25\bin\jli.dll
0x00007ff9e8b50000 - 0x00007ff9e8b6e000 	C:\Program Files\Java\jdk-25\bin\VCRUNTIME140.dll
0x00007ffa20c10000 - 0x00007ffa20dd5000 	C:\WINDOWS\System32\USER32.dll
0x00007ffa1f6b0000 - 0x00007ffa1f6d7000 	C:\WINDOWS\System32\win32u.dll
0x00007ffa21b20000 - 0x00007ffa21b4b000 	C:\WINDOWS\System32\GDI32.dll
0x00007ff9ff6f0000 - 0x00007ff9ff983000 	C:\WINDOWS\WinSxS\amd64_microsoft.windows.common-controls_6595b64144ccf1df_6.0.26100.8115_none_3e075c82e3354f9c\COMCTL32.dll
0x00007ffa20590000 - 0x00007ffa206bb000 	C:\WINDOWS\System32\gdi32full.dll
0x00007ffa22100000 - 0x00007ffa221a9000 	C:\WINDOWS\System32\msvcrt.dll
0x00007ffa206c0000 - 0x00007ffa20763000 	C:\WINDOWS\System32\msvcp_win.dll
0x00007ffa222b0000 - 0x00007ffa222e2000 	C:\WINDOWS\System32\IMM32.DLL
0x00007ffa14ff0000 - 0x00007ffa14ffc000 	C:\Program Files\Java\jdk-25\bin\vcruntime140_1.dll
0x00007ff9bbf30000 - 0x00007ff9bbfbd000 	C:\Program Files\Java\jdk-25\bin\msvcp140.dll
0x00007ff926bf0000 - 0x00007ff927a4f000 	C:\Program Files\Java\jdk-25\bin\server\jvm.dll
0x00007ffa212e0000 - 0x00007ffa21396000 	C:\WINDOWS\System32\ADVAPI32.dll
0x00007ffa22750000 - 0x00007ffa227f7000 	C:\WINDOWS\System32\sechost.dll
0x00007ffa22800000 - 0x00007ffa22918000 	C:\WINDOWS\System32\RPCRT4.dll
0x00007ffa22500000 - 0x00007ffa22580000 	C:\WINDOWS\System32\WS2_32.dll
0x00007ffa10a90000 - 0x00007ffa10ac6000 	C:\WINDOWS\SYSTEM32\WINMM.dll
0x00007ffa1deb0000 - 0x00007ffa1df0e000 	C:\WINDOWS\SYSTEM32\POWRPROF.dll
0x00007ffa15130000 - 0x00007ffa1513b000 	C:\WINDOWS\SYSTEM32\VERSION.dll
0x00007ffa1de90000 - 0x00007ffa1dea4000 	C:\WINDOWS\SYSTEM32\UMPDC.dll
0x00007ffa1e160000 - 0x00007ffa1e17b000 	C:\WINDOWS\SYSTEM32\kernel.appcore.dll
0x00007ffa10af0000 - 0x00007ffa10afa000 	C:\Program Files\Java\jdk-25\bin\jimage.dll
0x00007ffa1d1d0000 - 0x00007ffa1d412000 	C:\WINDOWS\SYSTEM32\DBGHELP.DLL
0x00007ffa20f50000 - 0x00007ffa212d2000 	C:\WINDOWS\System32\combase.dll
0x00007ffa222f0000 - 0x00007ffa223c8000 	C:\WINDOWS\System32\OLEAUT32.dll
0x00007ff9fb3c0000 - 0x00007ff9fb3fb000 	C:\WINDOWS\SYSTEM32\dbgcore.DLL
0x00007ffa1ff50000 - 0x00007ffa1fff5000 	C:\WINDOWS\System32\bcryptPrimitives.dll

JVMTI agents: none

dbghelp: loaded successfully - version: 4.0.5 - missing functions: none
symbol engine: initialized successfully - sym options: 0x614 - pdb path: .;C:\Program Files\Java\jdk-25\bin;C:\WINDOWS\SYSTEM32;C:\WINDOWS\WinSxS\amd64_microsoft.windows.common-controls_6595b64144ccf1df_6.0.26100.8115_none_3e075c82e3354f9c;C:\Program Files\Java\jdk-25\bin\server

VM Arguments:
java_command: <unknown>
java_class_path (initial): <not set>
Launcher Type: SUN_STANDARD

[Global flags]
     bool UseLargePagesIndividualAllocation        = false                                  {pd product} {ergonomic}

Logging:
Log output configuration:
 #0: stdout all=warning uptime,level,tags foldmultilines=false
 #1: stderr all=off uptime,level,tags foldmultilines=false

Release file:
<release file has not been read>
Environment Variables:
PATH=C:\Python314\Scripts\;C:\Python314\;C:\Program Files\Common Files\Oracle\Java\javapath;C:\Windows\system32;C:\Windows;C:\Windows\System32\Wbem;C:\Windows\System32\WindowsPowerShell\v1.0\;C:\Windows\System32\OpenSSH\;C:\Program Files (x86)\NVIDIA Corporation\PhysX\Common;C:\Program Files\NVIDIA Corporation\NVIDIA NvDLISR;C:\WINDOWS\system32;C:\WINDOWS;C:\WINDOWS\System32\Wbem;C:\WINDOWS\System32\WindowsPowerShell\v1.0\;C:\WINDOWS\System32\OpenSSH\;C:\Program Files\Git\cmd;C:\Users\abbuz\.local\bin;C:\Program Files\nodejs\;C:\ProgramData\chocolatey\bin;C:\Program Files\MySQL\MySQL Server 8.0\bin;C:\Program Files\Apache\Maven\bin;C:\Program Files\Amazon\AWSCLIV2\;C:\Program Files\Docker\Docker\resources\bin;C:\Program Files\MySQL\MySQL Shell 8.0\bin\;C:\Users\abbuz\AppData\Local\Microsoft\WindowsApps;C:\Users\abbuz\AppData\Local\Programs\Microsoft VS Code\bin;C:\Users\abbuz\AppData\Local\Python\bin;C:\Users\abbuz\AppData\Roaming\npm;C:\Users\abbuz\AppData\Local\Programs\Antigravity\bin;C:\Users\abbuz\AppData\Local\Programs\Windsurf\bin;c:\Users\abbuz\.antigravity\extensions\vscjava.vscode-java-debug-0.59.0-universal\bundled\scripts\noConfigScripts
USERNAME=abbuz
LANG=en_US.UTF-8
OS=Windows_NT
PROCESSOR_IDENTIFIER=Intel64 Family 6 Model 141 Stepping 1, GenuineIntel
TMP=C:\Users\abbuz\AppData\Local\Temp
TEMP=C:\Users\abbuz\AppData\Local\Temp




Compilation memory statistics disabled.

Periodic native trim disabled

---------------  S Y S T E M  ---------------

OS:
 Windows 11 , 64 bit Build 26100 (10.0.26100.8246)
OS uptime: 1 days 15:46 hours

CPU: total 12 (initial active 0) 
Processor Information for the first 12 processors :
  Max Mhz: 2688, Current Mhz: 2688, Mhz Limit: 2688

Memory: 4k page, system-wide physical 16122M (589M free)
TotalPageFile size 29246M (AvailPageFile size 1M)
current process WorkingSet (physical memory assigned to process): 10M, peak: 10M
current process commit charge ("private bytes"): 3M, peak: 3M

vm_info: Java HotSpot(TM) 64-Bit Server VM (25.0.1+8-LTS-27) for windows-amd64 JRE (25.0.1+8-LTS-27), built on 2025-09-25T16:41:16Z with unknown MS VC++:1943

END.
