#
# There is insufficient memory for the Java Runtime Environment to continue.
# Native memory allocation (mmap) failed to map 264241152 bytes. Error detail: G1 virtual space
# Possible reasons:
#   The system is out of physical RAM or swap space
#   This process is running with CompressedOops enabled, and the Java Heap may be blocking the growth of the native heap
# Possible solutions:
#   Reduce memory load on the system
#   Increase physical memory or swap space
#   Check if swap backing store is full
#   Decrease Java heap size (-Xmx/-Xms)
#   Decrease number of Java threads
#   Decrease Java thread stack sizes (-Xss)
#   Set larger code cache with -XX:ReservedCodeCacheSize=
#   JVM is running with Zero Based Compressed Oops mode in which the Java heap is
#     placed in the first 32GB address space. The Java Heap base address is the
#     maximum limit for the native heap growth. Please use -XX:HeapBaseMinAddress
#     to set the Java Heap base and to place the Java Heap above 32GB virtual address.
# This output file may be truncated or incomplete.
#
#  Out of Memory Error (os_windows.cpp:3554), pid=28652, tid=21460
#
# JRE version:  (25.0.1+8) (build )
# Java VM: Java HotSpot(TM) 64-Bit Server VM (25.0.1+8-LTS-27, mixed mode, sharing, tiered, compressed oops, compressed class ptrs, g1 gc, windows-amd64)
# No core dump will be written. Minidumps are not enabled by default on client versions of Windows
#

---------------  S U M M A R Y ------------

Command Line: --enable-native-access=ALL-UNNAMED 

Host: 11th Gen Intel(R) Core(TM) i5-11400H @ 2.70GHz, 12 cores, 15G,  Windows 11 , 64 bit Build 26100 (10.0.26100.8246)
Time: Sun May  3 23:38:16 2026 India Standard Time elapsed time: 0.012612 seconds (0d 0h 0m 0s)

---------------  T H R E A D  ---------------

Current thread (0x0000018a56241c40):  JavaThread "Unknown thread" [_thread_in_vm, id=21460, stack(0x000000017a500000,0x000000017a600000) (1024K)]

Stack: [0x000000017a500000,0x000000017a600000]
Native frames: (J=compiled Java code, j=interpreted, Vv=VM code, C=native code)
V  [jvm.dll+0x7a6b59]  (no source info available)
V  [jvm.dll+0x77290d]  (no source info available)
V  [jvm.dll+0x966153]  (no source info available)
V  [jvm.dll+0x968751]  (no source info available)
V  [jvm.dll+0x968e53]  (no source info available)
V  [jvm.dll+0x2fc756]  (no source info available)
V  [jvm.dll+0x7a2d85]  (no source info available)
V  [jvm.dll+0x796197]  (no source info available)
V  [jvm.dll+0x3f4698]  (no source info available)
V  [jvm.dll+0x3fc5b6]  (no source info available)
V  [jvm.dll+0x3e8c8e]  (no source info available)
V  [jvm.dll+0x3e8f48]  (no source info available)
V  [jvm.dll+0x3c0045]  (no source info available)
V  [jvm.dll+0x3c0cce]  (no source info available)
V  [jvm.dll+0x92c837]  (no source info available)
V  [jvm.dll+0x458bc2]  (no source info available)
V  [jvm.dll+0x9101e2]  (no source info available)
V  [jvm.dll+0x4f9061]  (no source info available)
V  [jvm.dll+0x4fa8f1]  (no source info available)
C  [jli.dll+0x543e]  (no source info available)
C  [ucrtbase.dll+0x37b0]  (no source info available)
C  [KERNEL32.DLL+0x2e8d7]  (no source info available)
C  [ntdll.dll+0x8c3fc]  (no source info available)

Lock stack of current Java thread (top to bottom):


---------------  P R O C E S S  ---------------

Threads class SMR info:
_java_thread_list=0x00007ff997675308, length=0, elements={
}

Java Threads: ( => current thread )
Total: 0

Other Threads:
  0x0000018a58597540 WorkerThread "GC Thread#0"                     [id=29256, stack(0x000000017a600000,0x000000017a700000) (1024K)]
  0x0000018a585b0170 ConcurrentGCThread "G1 Main Marker"            [id=3356, stack(0x000000017a700000,0x000000017a800000) (1024K)]
  0x0000018a585b1a00 WorkerThread "G1 Conc#0"                       [id=15924, stack(0x000000017a800000,0x000000017a900000) (1024K)]

[error occurred during error reporting (printing all threads), id 0xc0000005, EXCEPTION_ACCESS_VIOLATION (0xc0000005) at pc=0x00007ff996d54c2a]
VM state: not at safepoint (not fully initialized)

VM Mutex/Monitor currently owned by a thread:  ([mutex/lock_event])
[0x00007ff9976f9668] Heap_lock - owner thread: 0x0000018a56241c40

Heap address: 0x0000000704000000, size: 4032 MB, Compressed Oops mode: Zero based, Oop shift amount: 3

CDS archive(s) mapped at: [0x0000000000000000-0x0000000000000000-0x0000000000000000), size 0, SharedBaseAddress: 0x0000000800000000, ArchiveRelocationMode: 1.
UseCompressedClassPointers 1, UseCompactObjectHeaders 0
Narrow klass pointer bits 32, Max shift 3
Narrow klass base: 0xffffffffffffffff, Narrow klass shift: -1
Encoding Range: [0xffffffffffffffff - 0x000000007fffffff), (2147483648 bytes)
Klass Range:    [0x0000000000000000 - 0x0000000000000000), (0 bytes)
Klass ID Range:  [4294967295 - 0) (1)
No protection zone.

GC Precious Log:
 CardTable entry size: 512
 Card Set container configuration: InlinePtr #cards 4 size 8 Array Of Cards #cards 16 size 48 Howl #buckets 8 coarsen threshold 3686 Howl Bitmap #cards 512 size 80 coarsen threshold 460 Card regions per heap region 1 cards per card region 4096

Heap:
 garbage-first heap   total reserved 4128768K, committed 0K, used 0K [0x0000000704000000, 0x0000000800000000)
  region size 2048K, 0 young (0K), 0 survivors (0K)

Heap Regions: E=young(eden), S=young(survivor), O=old, HS=humongous(starts), HC=humongous(continues), CS=collection set, F=free, TAMS=top-at-mark-start, PB=parsable bottom

Card table byte_map: [0x0000018a70b00000,0x0000018a712e0000] _byte_map_base: 0x0000018a6d2e0000

Marking Bits: (CMBitMap*) 0x0000018a58597cd0
 Bits: [0x0000018a712e0000, 0x0000018a751e0000)

GC Heap Usage History (0 events):
No events

Metaspace Usage History (0 events):
No events

Dll operation events (1 events):
Event: 0.008 Loaded shared library C:\Program Files\Java\jdk-25\bin\java.dll

Deoptimization events (0 events):
No events

Classes loaded (0 events):
No events

Classes unloaded (0 events):
No events

Classes redefined (0 events):
No events

Internal exceptions (0 events):
No events

VM Operations (0 events):
No events

Memory protections (0 events):
No events

Nmethod flushes (0 events):
No events

Events (0 events):
No events


Dynamic libraries:
0x00007ff69ee60000 - 0x00007ff69ee70000 	C:\Program Files\Java\jdk-25\bin\java.exe
0x00007ffa229e0000 - 0x00007ffa22c47000 	C:\WINDOWS\SYSTEM32\ntdll.dll
0x00007ffa22030000 - 0x00007ffa220f9000 	C:\WINDOWS\System32\KERNEL32.DLL
0x00007ffa1f2b0000 - 0x00007ffa1f6a4000 	C:\WINDOWS\System32\KERNELBASE.dll
0x00007ffa200c0000 - 0x00007ffa2020b000 	C:\WINDOWS\System32\ucrtbase.dll
0x00007ff9e74c0000 - 0x00007ff9e74d7000 	C:\Program Files\Java\jdk-25\bin\jli.dll
0x00007ff9e7330000 - 0x00007ff9e734e000 	C:\Program Files\Java\jdk-25\bin\VCRUNTIME140.dll
0x00007ffa20c10000 - 0x00007ffa20dd5000 	C:\WINDOWS\System32\USER32.dll
0x00007ffa1f6b0000 - 0x00007ffa1f6d7000 	C:\WINDOWS\System32\win32u.dll
0x00007ffa21b20000 - 0x00007ffa21b4b000 	C:\WINDOWS\System32\GDI32.dll
0x00007ff9ff6f0000 - 0x00007ff9ff983000 	C:\WINDOWS\WinSxS\amd64_microsoft.windows.common-controls_6595b64144ccf1df_6.0.26100.8115_none_3e075c82e3354f9c\COMCTL32.dll
0x00007ffa20590000 - 0x00007ffa206bb000 	C:\WINDOWS\System32\gdi32full.dll
0x00007ffa206c0000 - 0x00007ffa20763000 	C:\WINDOWS\System32\msvcp_win.dll
0x00007ffa22100000 - 0x00007ffa221a9000 	C:\WINDOWS\System32\msvcrt.dll
0x00007ffa222b0000 - 0x00007ffa222e2000 	C:\WINDOWS\System32\IMM32.DLL
0x00007ffa0e6f0000 - 0x00007ffa0e6fc000 	C:\Program Files\Java\jdk-25\bin\vcruntime140_1.dll
0x00007ff9ba980000 - 0x00007ff9baa0d000 	C:\Program Files\Java\jdk-25\bin\msvcp140.dll
0x00007ff996980000 - 0x00007ff9977df000 	C:\Program Files\Java\jdk-25\bin\server\jvm.dll
0x00007ffa212e0000 - 0x00007ffa21396000 	C:\WINDOWS\System32\ADVAPI32.dll
0x00007ffa22750000 - 0x00007ffa227f7000 	C:\WINDOWS\System32\sechost.dll
0x00007ffa22800000 - 0x00007ffa22918000 	C:\WINDOWS\System32\RPCRT4.dll
0x00007ffa22500000 - 0x00007ffa22580000 	C:\WINDOWS\System32\WS2_32.dll
0x00007ffa1deb0000 - 0x00007ffa1df0e000 	C:\WINDOWS\SYSTEM32\POWRPROF.dll
0x00007ffa10a90000 - 0x00007ffa10ac6000 	C:\WINDOWS\SYSTEM32\WINMM.dll
0x00007ffa15130000 - 0x00007ffa1513b000 	C:\WINDOWS\SYSTEM32\VERSION.dll
0x00007ffa1de90000 - 0x00007ffa1dea4000 	C:\WINDOWS\SYSTEM32\UMPDC.dll
0x00007ffa1e160000 - 0x00007ffa1e17b000 	C:\WINDOWS\SYSTEM32\kernel.appcore.dll
0x00007ff9f2e50000 - 0x00007ff9f2e5a000 	C:\Program Files\Java\jdk-25\bin\jimage.dll
0x00007ffa1d1d0000 - 0x00007ffa1d412000 	C:\WINDOWS\SYSTEM32\DBGHELP.DLL
0x00007ffa20f50000 - 0x00007ffa212d2000 	C:\WINDOWS\System32\combase.dll
0x00007ffa222f0000 - 0x00007ffa223c8000 	C:\WINDOWS\System32\OLEAUT32.dll
0x00007ff9fb3c0000 - 0x00007ff9fb3fb000 	C:\WINDOWS\SYSTEM32\dbgcore.DLL
0x00007ffa1ff50000 - 0x00007ffa1fff5000 	C:\WINDOWS\System32\bcryptPrimitives.dll
0x00007ff9e5e40000 - 0x00007ff9e5e5f000 	C:\Program Files\Java\jdk-25\bin\java.dll
0x00007ffa225b0000 - 0x00007ffa22747000 	C:\WINDOWS\System32\ole32.dll
0x00007ffa213b0000 - 0x00007ffa21b17000 	C:\WINDOWS\System32\SHELL32.dll
0x00007ffa20210000 - 0x00007ffa2037a000 	C:\WINDOWS\System32\wintypes.dll

JVMTI agents: none

dbghelp: loaded successfully - version: 4.0.5 - missing functions: none
symbol engine: initialized successfully - sym options: 0x614 - pdb path: .;C:\Program Files\Java\jdk-25\bin;C:\WINDOWS\SYSTEM32;C:\WINDOWS\WinSxS\amd64_microsoft.windows.common-controls_6595b64144ccf1df_6.0.26100.8115_none_3e075c82e3354f9c;C:\Program Files\Java\jdk-25\bin\server

VM Arguments:
jvm_args: --enable-native-access=ALL-UNNAMED 
java_command: <unknown>
java_class_path (initial): <not set>
Launcher Type: SUN_STANDARD

[Global flags]
     intx CICompilerCount                          = 4                                         {product} {ergonomic}
     uint ConcGCThreads                            = 3                                         {product} {ergonomic}
     uint G1ConcRefinementThreads                  = 10                                        {product} {ergonomic}
   size_t G1HeapRegionSize                         = 2097152                                   {product} {ergonomic}
   size_t InitialHeapSize                          = 264241152                                 {product} {ergonomic}
   size_t MarkStackSize                            = 4194304                                   {product} {ergonomic}
   size_t MarkStackSizeMax                         = 536870912                                 {product} {ergonomic}
   size_t MaxHeapSize                              = 4227858432                                {product} {ergonomic}
   size_t MinHeapDeltaBytes                        = 2097152                                   {product} {ergonomic}
   size_t MinHeapSize                              = 8388608                                   {product} {ergonomic}
    uintx NonNMethodCodeHeapSize                   = 5832704                                {pd product} {ergonomic}
    uintx NonProfiledCodeHeapSize                  = 122945536                              {pd product} {ergonomic}
    uintx ProfiledCodeHeapSize                     = 122880000                              {pd product} {ergonomic}
    uintx ReservedCodeCacheSize                    = 251658240                              {pd product} {ergonomic}
     bool SegmentedCodeCache                       = true                                      {product} {ergonomic}
   size_t SoftMaxHeapSize                          = 4227858432                             {manageable} {ergonomic}
     bool UseCompressedOops                        = true                           {product lp64_product} {ergonomic}
     bool UseG1GC                                  = true                                      {product} {ergonomic}
     bool UseLargePagesIndividualAllocation        = false                                  {pd product} {ergonomic}

Logging:
Log output configuration:
 #0: stdout all=warning uptime,level,tags foldmultilines=false
 #1: stderr all=off uptime,level,tags foldmultilines=false

Release file:
<release file has not been read>
Environment Variables:
PATH=C:\Python314\Scripts\;C:\Python314\;C:\Program Files\Common Files\Oracle\Java\javapath;C:\Windows\system32;C:\Windows;C:\Windows\System32\Wbem;C:\Windows\System32\WindowsPowerShell\v1.0\;C:\Windows\System32\OpenSSH\;C:\Program Files (x86)\NVIDIA Corporation\PhysX\Common;C:\Program Files\NVIDIA Corporation\NVIDIA NvDLISR;C:\WINDOWS\system32;C:\WINDOWS;C:\WINDOWS\System32\Wbem;C:\WINDOWS\System32\WindowsPowerShell\v1.0\;C:\WINDOWS\System32\OpenSSH\;C:\Program Files\Git\cmd;C:\Users\abbuz\.local\bin;C:\Program Files\nodejs\;C:\ProgramData\chocolatey\bin;C:\Program Files\MySQL\MySQL Server 8.0\bin;C:\Program Files\Apache\Maven\bin;C:\Program Files\Amazon\AWSCLIV2\;C:\Program Files\Docker\Docker\resources\bin;C:\Program Files\MySQL\MySQL Shell 8.0\bin\;C:\Users\abbuz\AppData\Local\Microsoft\WindowsApps;C:\Users\abbuz\AppData\Local\Programs\Microsoft VS Code\bin;C:\Users\abbuz\AppData\Local\Python\bin;C:\Users\abbuz\AppData\Roaming\npm;C:\Users\abbuz\AppData\Local\Programs\Antigravity\bin;C:\Users\abbuz\AppData\Local\Programs\Windsurf\bin
USERNAME=abbuz
OS=Windows_NT
PROCESSOR_IDENTIFIER=Intel64 Family 6 Model 141 Stepping 1, GenuineIntel
TMP=C:\Users\abbuz\AppData\Local\Temp
TEMP=C:\Users\abbuz\AppData\Local\Temp




Compilation memory statistics disabled.

Periodic native trim disabled

---------------  S Y S T E M  ---------------

OS:
 Windows 11 , 64 bit Build 26100 (10.0.26100.8246)
OS uptime: 1 days 14:05 hours
Hyper-V role detected

CPU: total 12 (initial active 12) (6 cores per cpu, 2 threads per core) family 6 model 141 stepping 1 microcode 0x34, cx8, cmov, fxsr, ht, mmx, 3dnowpref, sse, sse2, sse3, ssse3, sse4.1, sse4.2, popcnt, lzcnt, tsc, tscinvbit, avx, avx2, aes, erms, clmul, bmi1, bmi2, adx, avx512f, avx512dq, avx512cd, avx512bw, avx512vl, sha, fma, vzeroupper, avx512_vpopcntdq, avx512_vpclmulqdq, avx512_vaes, avx512_vnni, clflush, clflushopt, clwb, avx512_vbmi2, avx512_vbmi, hv, rdtscp, rdpid, fsrm, gfni, avx512_bitalg, f16c, cet_ibt, cet_ss, avx512_ifma
Processor Information for the first 12 processors :
  Max Mhz: 2688, Current Mhz: 2688, Mhz Limit: 2688

Memory: 4k page, system-wide physical 16122M (551M free)
TotalPageFile size 31149M (AvailPageFile size 193M)
current process WorkingSet (physical memory assigned to process): 14M, peak: 14M
current process commit charge ("private bytes"): 65M, peak: 317M

vm_info: Java HotSpot(TM) 64-Bit Server VM (25.0.1+8-LTS-27) for windows-amd64 JRE (25.0.1+8-LTS-27), built on 2025-09-25T16:41:16Z with unknown MS VC++:1943

END.
