#
# There is insufficient memory for the Java Runtime Environment to continue.
# Native memory allocation (mmap) failed to map 264241152 bytes. Error detail: G1 virtual space
# Possible reasons:
#   The system is out of physical RAM or swap space
#   This process is running with CompressedOops enabled, and the Java Heap may be blocking the growth of the native heap
# Possible solutions:
#   Reduce memory load on the system
#   Increase physical memory or swap space
#   Check if swap backing store is full
#   Decrease Java heap size (-Xmx/-Xms)
#   Decrease number of Java threads
#   Decrease Java thread stack sizes (-Xss)
#   Set larger code cache with -XX:ReservedCodeCacheSize=
#   JVM is running with Zero Based Compressed Oops mode in which the Java heap is
#     placed in the first 32GB address space. The Java Heap base address is the
#     maximum limit for the native heap growth. Please use -XX:HeapBaseMinAddress
#     to set the Java Heap base and to place the Java Heap above 32GB virtual address.
# This output file may be truncated or incomplete.
#
#  Out of Memory Error (os_windows.cpp:3554), pid=15572, tid=29980
#
# JRE version:  (25.0.1+8) (build )
# Java VM: Java HotSpot(TM) 64-Bit Server VM (25.0.1+8-LTS-27, mixed mode, sharing, tiered, compressed oops, compressed class ptrs, g1 gc, windows-amd64)
# No core dump will be written. Minidumps are not enabled by default on client versions of Windows
#

---------------  S U M M A R Y ------------

Command Line: -Dnet.bytebuddy.agent.attacher.dump= net.bytebuddy.agent.Attacher com.sun.tools.attach.VirtualMachine 14404 C:\Users\abbuz\.m2\repository\net\bytebuddy\byte-buddy-agent\1.15.11\byte-buddy-agent-1.15.11.jar false 

Host: 11th Gen Intel(R) Core(TM) i5-11400H @ 2.70GHz, 12 cores, 15G,  Windows 11 , 64 bit Build 26100 (10.0.26100.8246)
Time: Tue Apr 28 00:34:03 2026 India Standard Time elapsed time: 0.010054 seconds (0d 0h 0m 0s)

---------------  T H R E A D  ---------------

Current thread (0x0000015b971bf800):  JavaThread "Unknown thread" [_thread_in_vm, id=29980, stack(0x00000011fa600000,0x00000011fa700000) (1024K)]

Stack: [0x00000011fa600000,0x00000011fa700000]
Native frames: (J=compiled Java code, j=interpreted, Vv=VM code, C=native code)
V  [jvm.dll+0x7a6b59]  (no source info available)
V  [jvm.dll+0x77290d]  (no source info available)
V  [jvm.dll+0x966153]  (no source info available)
V  [jvm.dll+0x968751]  (no source info available)
V  [jvm.dll+0x968e53]  (no source info available)
V  [jvm.dll+0x2fc756]  (no source info available)
V  [jvm.dll+0x7a2d85]  (no source info available)
V  [jvm.dll+0x796197]  (no source info available)
V  [jvm.dll+0x3f4698]  (no source info available)
V  [jvm.dll+0x3fc5b6]  (no source info available)
V  [jvm.dll+0x3e8c8e]  (no source info available)
V  [jvm.dll+0x3e8f48]  (no source info available)
V  [jvm.dll+0x3c0045]  (no source info available)
V  [jvm.dll+0x3c0cce]  (no source info available)
V  [jvm.dll+0x92c837]  (no source info available)
V  [jvm.dll+0x458bc2]  (no source info available)
V  [jvm.dll+0x9101e2]  (no source info available)
V  [jvm.dll+0x4f9061]  (no source info available)
V  [jvm.dll+0x4fa8f1]  (no source info available)
C  [jli.dll+0x543e]  (no source info available)
C  [ucrtbase.dll+0x37b0]  (no source info available)
C  [KERNEL32.DLL+0x2e8d7]  (no source info available)
C  [ntdll.dll+0x8c3fc]  (no source info available)

Lock stack of current Java thread (top to bottom):


---------------  P R O C E S S  ---------------

Threads class SMR info:
_java_thread_list=0x00007ffdfe1d5308, length=0, elements={
}

Java Threads: ( => current thread )
Total: 0

Other Threads:
  0x0000015b97226bc0 WorkerThread "GC Thread#0"                     [id=11912, stack(0x00000011fa700000,0x00000011fa800000) (1024K)]
  0x0000015b9727db80 ConcurrentGCThread "G1 Main Marker"            [id=15028, stack(0x00000011fa800000,0x00000011fa900000) (1024K)]
  0x0000015b9727e720 WorkerThread "G1 Conc#0"                       [id=7940, stack(0x00000011fa900000,0x00000011faa00000) (1024K)]

[error occurred during error reporting (printing all threads), id 0xc0000005, EXCEPTION_ACCESS_VIOLATION (0xc0000005) at pc=0x00007ffdfd8b4c2a]
VM state: not at safepoint (not fully initialized)

VM Mutex/Monitor currently owned by a thread:  ([mutex/lock_event])
[0x00007ffdfe259668] Heap_lock - owner thread: 0x0000015b971bf800

Heap address: 0x0000000704000000, size: 4032 MB, Compressed Oops mode: Zero based, Oop shift amount: 3

CDS archive(s) mapped at: [0x0000000000000000-0x0000000000000000-0x0000000000000000), size 0, SharedBaseAddress: 0x0000000800000000, ArchiveRelocationMode: 1.
UseCompressedClassPointers 1, UseCompactObjectHeaders 0
Narrow klass pointer bits 32, Max shift 3
Narrow klass base: 0xffffffffffffffff, Narrow klass shift: -1
Encoding Range: [0xffffffffffffffff - 0x000000007fffffff), (2147483648 bytes)
Klass Range:    [0x0000000000000000 - 0x0000000000000000), (0 bytes)
Klass ID Range:  [4294967295 - 0) (1)
No protection zone.

GC Precious Log:
 CardTable entry size: 512
 Card Set container configuration: InlinePtr #cards 4 size 8 Array Of Cards #cards 16 size 48 Howl #buckets 8 coarsen threshold 3686 Howl Bitmap #cards 512 size 80 coarsen threshold 460 Card regions per heap region 1 cards per card region 4096

Heap:
 garbage-first heap   total reserved 4128768K, committed 0K, used 0K [0x0000000704000000, 0x0000000800000000)
  region size 2048K, 0 young (0K), 0 survivors (0K)

Heap Regions: E=young(eden), S=young(survivor), O=old, HS=humongous(starts), HC=humongous(continues), CS=collection set, F=free, TAMS=top-at-mark-start, PB=parsable bottom

Card table byte_map: [0x0000015baf770000,0x0000015baff50000] _byte_map_base: 0x0000015babf50000

Marking Bits: (CMBitMap*) 0x0000015b97227350
 Bits: [0x0000015baff50000, 0x0000015bb3e50000)

GC Heap Usage History (0 events):
No events

Metaspace Usage History (0 events):
No events

Dll operation events (1 events):
Event: 0.006 Loaded shared library C:\Program Files\Java\jdk-25\bin\java.dll

Deoptimization events (0 events):
No events

Classes loaded (0 events):
No events

Classes unloaded (0 events):
No events

Classes redefined (0 events):
No events

Internal exceptions (0 events):
No events

VM Operations (0 events):
No events

Memory protections (0 events):
No events

Nmethod flushes (0 events):
No events

Events (0 events):
No events


Dynamic libraries:
0x00007ff7d1330000 - 0x00007ff7d1340000 	C:\Program Files\Java\jdk-25\bin\java.exe
0x00007ffef6b60000 - 0x00007ffef6dc7000 	C:\WINDOWS\SYSTEM32\ntdll.dll
0x00007ffef4a10000 - 0x00007ffef4ad9000 	C:\WINDOWS\System32\KERNEL32.DLL
0x00007ffef34e0000 - 0x00007ffef38d4000 	C:\WINDOWS\System32\KERNELBASE.dll
0x00007ffef38e0000 - 0x00007ffef3a2b000 	C:\WINDOWS\System32\ucrtbase.dll
0x00007ffeb0ff0000 - 0x00007ffeb100e000 	C:\Program Files\Java\jdk-25\bin\VCRUNTIME140.dll
0x00007ffeb2780000 - 0x00007ffeb2797000 	C:\Program Files\Java\jdk-25\bin\jli.dll
0x00007ffef6950000 - 0x00007ffef6b15000 	C:\WINDOWS\System32\USER32.dll
0x00007ffef45d0000 - 0x00007ffef45f7000 	C:\WINDOWS\System32\win32u.dll
0x00007ffed4cf0000 - 0x00007ffed4f83000 	C:\WINDOWS\WinSxS\amd64_microsoft.windows.common-controls_6595b64144ccf1df_6.0.26100.8115_none_3e075c82e3354f9c\COMCTL32.dll
0x00007ffef5690000 - 0x00007ffef56bb000 	C:\WINDOWS\System32\GDI32.dll
0x00007ffef5550000 - 0x00007ffef55f9000 	C:\WINDOWS\System32\msvcrt.dll
0x00007ffef44a0000 - 0x00007ffef45cb000 	C:\WINDOWS\System32\gdi32full.dll
0x00007ffef3430000 - 0x00007ffef34d3000 	C:\WINDOWS\System32\msvcp_win.dll
0x00007ffef52e0000 - 0x00007ffef5312000 	C:\WINDOWS\System32\IMM32.DLL
0x00007ffec7d60000 - 0x00007ffec7d6c000 	C:\Program Files\Java\jdk-25\bin\vcruntime140_1.dll
0x00007ffead130000 - 0x00007ffead1bd000 	C:\Program Files\Java\jdk-25\bin\msvcp140.dll
0x00007ffdfd4e0000 - 0x00007ffdfe33f000 	C:\Program Files\Java\jdk-25\bin\server\jvm.dll
0x00007ffef6370000 - 0x00007ffef6426000 	C:\WINDOWS\System32\ADVAPI32.dll
0x00007ffef6430000 - 0x00007ffef64d7000 	C:\WINDOWS\System32\sechost.dll
0x00007ffef5320000 - 0x00007ffef5438000 	C:\WINDOWS\System32\RPCRT4.dll
0x00007ffef5600000 - 0x00007ffef5680000 	C:\WINDOWS\System32\WS2_32.dll
0x00007ffef2010000 - 0x00007ffef206e000 	C:\WINDOWS\SYSTEM32\POWRPROF.dll
0x00007ffee4ba0000 - 0x00007ffee4bd6000 	C:\WINDOWS\SYSTEM32\WINMM.dll
0x00007ffee9ad0000 - 0x00007ffee9adb000 	C:\WINDOWS\SYSTEM32\VERSION.dll
0x00007ffef1ff0000 - 0x00007ffef2004000 	C:\WINDOWS\SYSTEM32\UMPDC.dll
0x00007ffef22e0000 - 0x00007ffef22fb000 	C:\WINDOWS\SYSTEM32\kernel.appcore.dll
0x00007ffec3310000 - 0x00007ffec331a000 	C:\Program Files\Java\jdk-25\bin\jimage.dll
0x00007ffef0eb0000 - 0x00007ffef10f2000 	C:\WINDOWS\SYSTEM32\DBGHELP.DLL
0x00007ffef65c0000 - 0x00007ffef6942000 	C:\WINDOWS\System32\combase.dll
0x00007ffef64e0000 - 0x00007ffef65b8000 	C:\WINDOWS\System32\OLEAUT32.dll
0x00007ffeca240000 - 0x00007ffeca27b000 	C:\WINDOWS\SYSTEM32\dbgcore.DLL
0x00007ffef43f0000 - 0x00007ffef4495000 	C:\WINDOWS\System32\bcryptPrimitives.dll
0x00007ffeae9b0000 - 0x00007ffeae9cf000 	C:\Program Files\Java\jdk-25\bin\java.dll
0x00007ffef58b0000 - 0x00007ffef5a47000 	C:\WINDOWS\System32\ole32.dll
0x00007ffef5bc0000 - 0x00007ffef6327000 	C:\WINDOWS\System32\SHELL32.dll
0x00007ffef4780000 - 0x00007ffef48ea000 	C:\WINDOWS\System32\wintypes.dll

JVMTI agents: none

dbghelp: loaded successfully - version: 4.0.5 - missing functions: none
symbol engine: initialized successfully - sym options: 0x614 - pdb path: .;C:\Program Files\Java\jdk-25\bin;C:\WINDOWS\SYSTEM32;C:\WINDOWS\WinSxS\amd64_microsoft.windows.common-controls_6595b64144ccf1df_6.0.26100.8115_none_3e075c82e3354f9c;C:\Program Files\Java\jdk-25\bin\server

VM Arguments:
jvm_args: -Dnet.bytebuddy.agent.attacher.dump= 
java_command: net.bytebuddy.agent.Attacher com.sun.tools.attach.VirtualMachine 14404 C:\Users\abbuz\.m2\repository\net\bytebuddy\byte-buddy-agent\1.15.11\byte-buddy-agent-1.15.11.jar false 
java_class_path (initial): C:\Users\abbuz\.m2\repository\net\bytebuddy\byte-buddy-agent\1.15.11\byte-buddy-agent-1.15.11.jar
Launcher Type: SUN_STANDARD

[Global flags]
     intx CICompilerCount                          = 4                                         {product} {ergonomic}
     uint ConcGCThreads                            = 3                                         {product} {ergonomic}
     uint G1ConcRefinementThreads                  = 10                                        {product} {ergonomic}
   size_t G1HeapRegionSize                         = 2097152                                   {product} {ergonomic}
   size_t InitialHeapSize                          = 264241152                                 {product} {ergonomic}
   size_t MarkStackSize                            = 4194304                                   {product} {ergonomic}
   size_t MarkStackSizeMax                         = 536870912                                 {product} {ergonomic}
   size_t MaxHeapSize                              = 4227858432                                {product} {ergonomic}
   size_t MinHeapDeltaBytes                        = 2097152                                   {product} {ergonomic}
   size_t MinHeapSize                              = 8388608                                   {product} {ergonomic}
    uintx NonNMethodCodeHeapSize                   = 5832704                                {pd product} {ergonomic}
    uintx NonProfiledCodeHeapSize                  = 122945536                              {pd product} {ergonomic}
    uintx ProfiledCodeHeapSize                     = 122880000                              {pd product} {ergonomic}
    uintx ReservedCodeCacheSize                    = 251658240                              {pd product} {ergonomic}
     bool SegmentedCodeCache                       = true                                      {product} {ergonomic}
   size_t SoftMaxHeapSize                          = 4227858432                             {manageable} {ergonomic}
     bool UseCompressedOops                        = true                           {product lp64_product} {ergonomic}
     bool UseG1GC                                  = true                                      {product} {ergonomic}
     bool UseLargePagesIndividualAllocation        = false                                  {pd product} {ergonomic}

Logging:
Log output configuration:
 #0: stdout all=warning uptime,level,tags foldmultilines=false
 #1: stderr all=off uptime,level,tags foldmultilines=false

Release file:
<release file has not been read>
Environment Variables:
PATH=C:\Python314\Scripts\;C:\Python314\;C:\Program Files\Common Files\Oracle\Java\javapath;C:\Windows\system32;C:\Windows;C:\Windows\System32\Wbem;C:\Windows\System32\WindowsPowerShell\v1.0\;C:\Windows\System32\OpenSSH\;C:\Program Files (x86)\NVIDIA Corporation\PhysX\Common;C:\Program Files\NVIDIA Corporation\NVIDIA NvDLISR;C:\WINDOWS\system32;C:\WINDOWS;C:\WINDOWS\System32\Wbem;C:\WINDOWS\System32\WindowsPowerShell\v1.0\;C:\WINDOWS\System32\OpenSSH\;C:\Program Files\Git\cmd;C:\Users\abbuz\.local\bin;C:\Program Files\nodejs\;C:\ProgramData\chocolatey\bin;C:\Program Files\MySQL\MySQL Server 8.0\bin;C:\Program Files\Apache\Maven\bin;C:\Program Files\Amazon\AWSCLIV2\;C:\Program Files\Docker\Docker\resources\bin;C:\Program Files\MySQL\MySQL Shell 8.0\bin\;C:\Users\abbuz\AppData\Local\Microsoft\WindowsApps;C:\Users\abbuz\AppData\Local\Programs\Microsoft VS Code\bin;C:\Users\abbuz\AppData\Local\Python\bin;C:\Users\abbuz\AppData\Roaming\npm;C:\Users\abbuz\AppData\Local\Programs\cursor\resources\app\bin;C:\Users\abbuz\AppData\Local\Programs\Antigravity\bin
USERNAME=abbuz
OS=Windows_NT
PROCESSOR_IDENTIFIER=Intel64 Family 6 Model 141 Stepping 1, GenuineIntel
TMP=C:\Users\abbuz\AppData\Local\Temp
TEMP=C:\Users\abbuz\AppData\Local\Temp




Compilation memory statistics disabled.

Periodic native trim disabled

---------------  S Y S T E M  ---------------

OS:
 Windows 11 , 64 bit Build 26100 (10.0.26100.8246)
OS uptime: 1 days 7:21 hours
Hyper-V role detected

CPU: total 12 (initial active 12) (6 cores per cpu, 2 threads per core) family 6 model 141 stepping 1 microcode 0x34, cx8, cmov, fxsr, ht, mmx, 3dnowpref, sse, sse2, sse3, ssse3, sse4.1, sse4.2, popcnt, lzcnt, tsc, tscinvbit, avx, avx2, aes, erms, clmul, bmi1, bmi2, adx, avx512f, avx512dq, avx512cd, avx512bw, avx512vl, sha, fma, vzeroupper, avx512_vpopcntdq, avx512_vpclmulqdq, avx512_vaes, avx512_vnni, clflush, clflushopt, clwb, avx512_vbmi2, avx512_vbmi, hv, rdtscp, rdpid, fsrm, gfni, avx512_bitalg, f16c, cet_ibt, cet_ss, avx512_ifma
Processor Information for the first 12 processors :
  Max Mhz: 2688, Current Mhz: 2688, Mhz Limit: 2688

Memory: 4k page, system-wide physical 16122M (2008M free)
TotalPageFile size 28330M (AvailPageFile size 254M)
current process WorkingSet (physical memory assigned to process): 14M, peak: 14M
current process commit charge ("private bytes"): 65M, peak: 317M

vm_info: Java HotSpot(TM) 64-Bit Server VM (25.0.1+8-LTS-27) for windows-amd64 JRE (25.0.1+8-LTS-27), built on 2025-09-25T16:41:16Z with unknown MS VC++:1943

END.
